Archive member included to satisfy reference by file (symbol)

C:\Users\josem\AppData\Local\Temp\arduino-sketch-6DED6912A00D732A2B84CC76312842FC/..\arduino-core-cache\core_Seeeduino_samd_seeed_XIAO_m0_usbstack_arduino,debug_off_d03f25558222cd15566e7caf71286385.a(cortex_handlers.c.o)
                              (Reset_Handler)
C:\Users\josem\AppData\Local\Temp\arduino-sketch-6DED6912A00D732A2B84CC76312842FC/..\arduino-core-cache\core_Seeeduino_samd_seeed_XIAO_m0_usbstack_arduino,debug_off_d03f25558222cd15566e7caf71286385.a(delay.c.o)
                              C:\Users\josem\AppData\Local\Temp\arduino-sketch-6DED6912A00D732A2B84CC76312842FC\sketch\JMY_USBMidi2Midi.ino.cpp.o (millis)
C:\Users\josem\AppData\Local\Temp\arduino-sketch-6DED6912A00D732A2B84CC76312842FC/..\arduino-core-cache\core_Seeeduino_samd_seeed_XIAO_m0_usbstack_arduino,debug_off_d03f25558222cd15566e7caf71286385.a(hooks.c.o)
                              C:\Users\josem\AppData\Local\Temp\arduino-sketch-6DED6912A00D732A2B84CC76312842FC/..\arduino-core-cache\core_Seeeduino_samd_seeed_XIAO_m0_usbstack_arduino,debug_off_d03f25558222cd15566e7caf71286385.a(delay.c.o) (yield)
C:\Users\josem\AppData\Local\Temp\arduino-sketch-6DED6912A00D732A2B84CC76312842FC/..\arduino-core-cache\core_Seeeduino_samd_seeed_XIAO_m0_usbstack_arduino,debug_off_d03f25558222cd15566e7caf71286385.a(startup.c.o)
                              C:\Users\josem\AppData\Local\Temp\arduino-sketch-6DED6912A00D732A2B84CC76312842FC/..\arduino-core-cache\core_Seeeduino_samd_seeed_XIAO_m0_usbstack_arduino,debug_off_d03f25558222cd15566e7caf71286385.a(cortex_handlers.c.o) (SystemInit)
C:\Users\josem\AppData\Local\Temp\arduino-sketch-6DED6912A00D732A2B84CC76312842FC/..\arduino-core-cache\core_Seeeduino_samd_seeed_XIAO_m0_usbstack_arduino,debug_off_d03f25558222cd15566e7caf71286385.a(wiring.c.o)
                              C:\Users\josem\AppData\Local\Temp\arduino-sketch-6DED6912A00D732A2B84CC76312842FC/..\arduino-core-cache\core_Seeeduino_samd_seeed_XIAO_m0_usbstack_arduino,debug_off_d03f25558222cd15566e7caf71286385.a(startup.c.o) (SystemCoreClock)
C:\Users\josem\AppData\Local\Temp\arduino-sketch-6DED6912A00D732A2B84CC76312842FC/..\arduino-core-cache\core_Seeeduino_samd_seeed_XIAO_m0_usbstack_arduino,debug_off_d03f25558222cd15566e7caf71286385.a(wiring_analog.c.o)
                              C:\Users\josem\AppData\Local\Temp\arduino-sketch-6DED6912A00D732A2B84CC76312842FC/..\arduino-core-cache\core_Seeeduino_samd_seeed_XIAO_m0_usbstack_arduino,debug_off_d03f25558222cd15566e7caf71286385.a(wiring.c.o) (analogReference)
C:\Users\josem\AppData\Local\Temp\arduino-sketch-6DED6912A00D732A2B84CC76312842FC/..\arduino-core-cache\core_Seeeduino_samd_seeed_XIAO_m0_usbstack_arduino,debug_off_d03f25558222cd15566e7caf71286385.a(wiring_digital.c.o)
                              C:\Users\josem\AppData\Local\Temp\arduino-sketch-6DED6912A00D732A2B84CC76312842FC/..\arduino-core-cache\core_Seeeduino_samd_seeed_XIAO_m0_usbstack_arduino,debug_off_d03f25558222cd15566e7caf71286385.a(wiring_analog.c.o) (pinMode)
C:\Users\josem\AppData\Local\Temp\arduino-sketch-6DED6912A00D732A2B84CC76312842FC/..\arduino-core-cache\core_Seeeduino_samd_seeed_XIAO_m0_usbstack_arduino,debug_off_d03f25558222cd15566e7caf71286385.a(wiring_private.c.o)
                              C:\Users\josem\AppData\Local\Temp\arduino-sketch-6DED6912A00D732A2B84CC76312842FC/..\arduino-core-cache\core_Seeeduino_samd_seeed_XIAO_m0_usbstack_arduino,debug_off_d03f25558222cd15566e7caf71286385.a(wiring_analog.c.o) (mapResolution)
C:\Users\josem\AppData\Local\Temp\arduino-sketch-6DED6912A00D732A2B84CC76312842FC/..\arduino-core-cache\core_Seeeduino_samd_seeed_XIAO_m0_usbstack_arduino,debug_off_d03f25558222cd15566e7caf71286385.a(Reset.cpp.o)
                              C:\Users\josem\AppData\Local\Temp\arduino-sketch-6DED6912A00D732A2B84CC76312842FC/..\arduino-core-cache\core_Seeeduino_samd_seeed_XIAO_m0_usbstack_arduino,debug_off_d03f25558222cd15566e7caf71286385.a(delay.c.o) (tickReset)
C:\Users\josem\AppData\Local\Temp\arduino-sketch-6DED6912A00D732A2B84CC76312842FC/..\arduino-core-cache\core_Seeeduino_samd_seeed_XIAO_m0_usbstack_arduino,debug_off_d03f25558222cd15566e7caf71286385.a(Retarget.cpp.o)
                              (__wrap__write)
C:\Users\josem\AppData\Local\Temp\arduino-sketch-6DED6912A00D732A2B84CC76312842FC/..\arduino-core-cache\core_Seeeduino_samd_seeed_XIAO_m0_usbstack_arduino,debug_off_d03f25558222cd15566e7caf71286385.a(SERCOM.cpp.o)
                              C:\Users\josem\AppData\Local\Temp\arduino-sketch-6DED6912A00D732A2B84CC76312842FC\core\variant.cpp.o (SERCOM::SERCOM(Sercom*))
C:\Users\josem\AppData\Local\Temp\arduino-sketch-6DED6912A00D732A2B84CC76312842FC/..\arduino-core-cache\core_Seeeduino_samd_seeed_XIAO_m0_usbstack_arduino,debug_off_d03f25558222cd15566e7caf71286385.a(PluggableUSB.cpp.o)
[...]
Memory Configuration

Name             Origin             Length             Attributes
FLASH            0x00002000         0x0003e000         xr
RAM              0x20000000         0x00008000         xrw
*default*        0x00000000         0xffffffff

Linker script and memory map

LOAD c:/users/josem/appdata/local/arduino15/packages/seeeduino/tools/arm-none-eabi-gcc/7-2017q4/bin/../lib/gcc/arm-none-eabi/7.2.1/thumb/v6-m/crti.o
LOAD c:/users/josem/appdata/local/arduino15/packages/seeeduino/tools/arm-none-eabi-gcc/7-2017q4/bin/../lib/gcc/arm-none-eabi/7.2.1/thumb/v6-m/crtbegin.o
LOAD c:/users/josem/appdata/local/arduino15/packages/seeeduino/tools/arm-none-eabi-gcc/7-2017q4/bin/../lib/gcc/arm-none-eabi/7.2.1/../../../../arm-none-eabi/lib/thumb/v6-m/crt0.o
LOAD C:\Users\josem\AppData\Local\Temp\arduino-sketch-6DED6912A00D732A2B84CC76312842FC\sketch\JMY_USBMidi2Midi.ino.cpp.o
LOAD C:\Users\josem\AppData\Local\Temp\arduino-sketch-6DED6912A00D732A2B84CC76312842FC\libraries\MIDI_Library\MIDI.cpp.o
LOAD C:\Users\josem\AppData\Local\Temp\arduino-sketch-6DED6912A00D732A2B84CC76312842FC\libraries\MIDIUSB\MIDIUSB.cpp.o
LOAD C:\Users\josem\AppData\Local\Temp\arduino-sketch-6DED6912A00D732A2B84CC76312842FC\core\variant.cpp.o
START GROUP
LOAD C:\Users\josem\AppData\Local\Arduino15\packages\Seeeduino\tools\CMSIS\5.4.0/CMSIS/Lib/GCC/\libarm_cortexM0l_math.a
LOAD C:\Users\josem\AppData\Local\Temp\arduino-sketch-6DED6912A00D732A2B84CC76312842FC/..\arduino-core-cache\core_Seeeduino_samd_seeed_XIAO_m0_usbstack_arduino,debug_off_d03f25558222cd15566e7caf71286385.a
END GROUP
LOAD c:/users/josem/appdata/local/arduino15/packages/seeeduino/tools/arm-none-eabi-gcc/7-2017q4/bin/../lib/gcc/arm-none-eabi/7.2.1/../../../../arm-none-eabi/lib/thumb/v6-m\libstdc++_nano.a
LOAD c:/users/josem/appdata/local/arduino15/packages/seeeduino/tools/arm-none-eabi-gcc/7-2017q4/bin/../lib/gcc/arm-none-eabi/7.2.1/../../../../arm-none-eabi/lib/thumb/v6-m\libm.a
START GROUP
LOAD c:/users/josem/appdata/local/arduino15/packages/seeeduino/tools/arm-none-eabi-gcc/7-2017q4/bin/../lib/gcc/arm-none-eabi/7.2.1/thumb/v6-m\libgcc.a
LOAD c:/users/josem/appdata/local/arduino15/packages/seeeduino/tools/arm-none-eabi-gcc/7-2017q4/bin/../lib/gcc/arm-none-eabi/7.2.1/../../../../arm-none-eabi/lib/thumb/v6-m\libc_nano.a
END GROUP
START GROUP
LOAD c:/users/josem/appdata/local/arduino15/packages/seeeduino/tools/arm-none-eabi-gcc/7-2017q4/bin/../lib/gcc/arm-none-eabi/7.2.1/thumb/v6-m\libgcc.a
LOAD c:/users/josem/appdata/local/arduino15/packages/seeeduino/tools/arm-none-eabi-gcc/7-2017q4/bin/../lib/gcc/arm-none-eabi/7.2.1/../../../../arm-none-eabi/lib/thumb/v6-m\libc_nano.a
LOAD c:/users/josem/appdata/local/arduino15/packages/seeeduino/tools/arm-none-eabi-gcc/7-2017q4/bin/../lib/gcc/arm-none-eabi/7.2.1/../../../../arm-none-eabi/lib/thumb/v6-m\libnosys.a
END GROUP
START GROUP
LOAD c:/users/josem/appdata/local/arduino15/packages/seeeduino/tools/arm-none-eabi-gcc/7-2017q4/bin/../lib/gcc/arm-none-eabi/7.2.1/thumb/v6-m\libgcc.a
LOAD c:/users/josem/appdata/local/arduino15/packages/seeeduino/tools/arm-none-eabi-gcc/7-2017q4/bin/../lib/gcc/arm-none-eabi/7.2.1/../../../../arm-none-eabi/lib/thumb/v6-m\libc_nano.a
LOAD c:/users/josem/appdata/local/arduino15/packages/seeeduino/tools/arm-none-eabi-gcc/7-2017q4/bin/../lib/gcc/arm-none-eabi/7.2.1/../../../../arm-none-eabi/lib/thumb/v6-m\libnosys.a
END GROUP
LOAD c:/users/josem/appdata/local/arduino15/packages/seeeduino/tools/arm-none-eabi-gcc/7-2017q4/bin/../lib/gcc/arm-none-eabi/7.2.1/thumb/v6-m/crtend.o
LOAD c:/users/josem/appdata/local/arduino15/packages/seeeduino/tools/arm-none-eabi-gcc/7-2017q4/bin/../lib/gcc/arm-none-eabi/7.2.1/thumb/v6-m/crtn.o

.text           0x00002000     0x9a5c
                0x00002000                __text_start__ = .
 *(.isr_vector)
 .isr_vector    0x00002000       0xb4 C:\Users\josem\AppData\Local\Temp\arduino-sketch-6DED6912A00D732A2B84CC76312842FC/..\arduino-core-cache\core_Seeeduino_samd_seeed_XIAO_m0_usbstack_arduino,debug_off_d03f25558222cd15566e7caf71286385.a(cortex_handlers.c.o)
                0x00002000                exception_table
 *(.text*)
 .text          0x000020b4       0x48 c:/users/josem/appdata/local/arduino15/packages/seeeduino/tools/arm-none-eabi-gcc/7-2017q4/bin/../lib/gcc/arm-none-eabi/7.2.1/thumb/v6-m/crtbegin.o
 .text._ZN4midi13MidiInterfaceIN7usbMidi16usbMidiTransportENS_15DefaultSettingsENS_15DefaultPlatformEED2Ev
                0x000020fc        0x2 C:\Users\josem\AppData\Local\Temp\arduino-sketch-6DED6912A00D732A2B84CC76312842FC\sketch\JMY_USBMidi2Midi.ino.cpp.o
                0x000020fc                midi::MidiInterface<usbMidi::usbMidiTransport, midi::DefaultSettings, midi::DefaultPlatform>::~MidiInterface()
                0x000020fc                midi::MidiInterface<usbMidi::usbMidiTransport, midi::DefaultSettings, midi::DefaultPlatform>::~MidiInterface()
 .text._ZN4midi13MidiInterfaceINS_10SerialMIDII14HardwareSerialNS_21DefaultSerialSettingsEEENS_15DefaultSettingsENS_15DefaultPlatformEED2Ev
                0x000020fe        0x2 C:\Users\josem\AppData\Local\Temp\arduino-sketch-6DED6912A00D732A2B84CC76312842FC\sketch\JMY_USBMidi2Midi.ino.cpp.o
                0x000020fe                midi::MidiInterface<midi::SerialMIDI<HardwareSerial, midi::DefaultSerialSettings>, midi::DefaultSettings, midi::DefaultPlatform>::~MidiInterface()
                0x000020fe                midi::MidiInterface<midi::SerialMIDI<HardwareSerial, midi::DefaultSerialSettings>, midi::DefaultSettings, midi::DefaultPlatform>::~MidiInterface()
 .text._ZN7usbMidi16usbMidiTransport17beginTransmissionEN4midi8MidiTypeE
                0x00002100       0x30 C:\Users\josem\AppData\Local\Temp\arduino-sketch-6DED6912A00D732A2B84CC76312842FC\sketch\JMY_USBMidi2Midi.ino.cpp.o
                0x00002100                usbMidi::usbMidiTransport::beginTransmission(midi::MidiType)
 .text._ZN7usbMidi16usbMidiTransport5writeEh
                0x00002130       0x84 C:\Users\josem\AppData\Local\Temp\arduino-sketch-6DED6912A00D732A2B84CC76312842FC\sketch\JMY_USBMidi2Midi.ino.cpp.o
                0x00002130                usbMidi::usbMidiTransport::write(unsigned char)
 .text._ZN7usbMidi16usbMidiTransport15endTransmissionEv
                0x000021b4       0x18 C:\Users\josem\AppData\Local\Temp\arduino-sketch-6DED6912A00D732A2B84CC76312842FC\sketch\JMY_USBMidi2Midi.ino.cpp.o
                0x000021b4                usbMidi::usbMidiTransport::endTransmission()
 .text._ZN4midi13MidiInterfaceIN7usbMidi16usbMidiTransportENS_15DefaultSettingsENS_15DefaultPlatformEE12sendRealTimeENS_8MidiTypeE.isra.18
                0x000021cc       0x36 C:\Users\josem\AppData\Local\Temp\arduino-sketch-6DED6912A00D732A2B84CC76312842FC\sketch\JMY_USBMidi2Midi.ino.cpp.o
 *fill*         0x00002202        0x2 
 .text.setup    0x00002204       0xbc C:\Users\josem\AppData\Local\Temp\arduino-sketch-6DED6912A00D732A2B84CC76312842FC\sketch\JMY_USBMidi2Midi.ino.cpp.o
                0x00002204                setup
 .text._ZN4midi13MidiInterfaceIN7usbMidi16usbMidiTransportENS_15DefaultSettingsENS_15DefaultPlatformEE4sendENS_8MidiTypeEhhh
                0x000022c0       0x66 C:\Users\josem\AppData\Local\Temp\arduino-sketch-6DED6912A00D732A2B84CC76312842FC\sketch\JMY_USBMidi2Midi.ino.cpp.o
                0x000022c0                midi::MidiInterface<usbMidi::usbMidiTransport, midi::DefaultSettings, midi::DefaultPlatform>::send(midi::MidiType, unsigned char, unsigned char, unsigned char)
 *fill*         0x00002326        0x2 
 .text._Z15onSerialMessageRKN4midi7MessageILj128EEE
                0x00002328       0x30 C:\Users\josem\AppData\Local\Temp\arduino-sketch-6DED6912A00D732A2B84CC76312842FC\sketch\JMY_USBMidi2Midi.ino.cpp.o
                0x00002328                onSerialMessage(midi::Message<128u> const&)
 .text._ZN4midi10SerialMIDII14HardwareSerialNS_21DefaultSerialSettingsEE5writeEh
                0x00002358        0xc C:\Users\josem\AppData\Local\Temp\arduino-sketch-6DED6912A00D732A2B84CC76312842FC\sketch\JMY_USBMidi2Midi.ino.cpp.o
                0x00002358                midi::SerialMIDI<HardwareSerial, midi::DefaultSerialSettings>::write(unsigned char)
 .text._ZN4midi13MidiInterfaceINS_10SerialMIDII14HardwareSerialNS_21DefaultSerialSettingsEEENS_15DefaultSettingsENS_15DefaultPlatformEE12sendRealTimeENS_8MidiTypeE.isra.14
                0x00002364       0x20 C:\Users\josem\AppData\Local\Temp\arduino-sketch-6DED6912A00D732A2B84CC76312842FC\sketch\JMY_USBMidi2Midi.ino.cpp.o
 .text._ZN4midi13MidiInterfaceINS_10SerialMIDII14HardwareSerialNS_21DefaultSerialSettingsEEENS_15DefaultSettingsENS_15DefaultPlatformEE4sendENS_8MidiTypeEhhh
                0x00002384       0x58 C:\Users\josem\AppData\Local\Temp\arduino-sketch-6DED6912A00D732A2B84CC76312842FC\sketch\JMY_USBMidi2Midi.ino.cpp.o
                0x00002384                midi::MidiInterface<midi::SerialMIDI<HardwareSerial, midi::DefaultSerialSettings>, midi::DefaultSettings, midi::DefaultPlatform>::send(midi::MidiType, unsigned char, unsigned char, unsigned char)
 .text._Z12onUsbMessageRKN4midi7MessageILj128EEE
                0x000023dc       0x30 C:\Users\josem\AppData\Local\Temp\arduino-sketch-6DED6912A00D732A2B84CC76312842FC\sketch\JMY_USBMidi2Midi.ino.cpp.o
                0x000023dc                onUsbMessage(midi::Message<128u> const&)
 .text._ZN4midi13MidiInterfaceIN7usbMidi16usbMidiTransportENS_15DefaultSettingsENS_15DefaultPlatformEE14launchCallbackEv
                0x0000240c      0x15c C:\Users\josem\AppData\Local\Temp\arduino-sketch-6DED6912A00D732A2B84CC76312842FC\sketch\JMY_USBMidi2Midi.ino.cpp.o
                0x0000240c                midi::MidiInterface<usbMidi::usbMidiTransport, midi::DefaultSettings, midi::DefaultPlatform>::launchCallback()
 .text._ZN4midi13MidiInterfaceINS_10SerialMIDII14HardwareSerialNS_21DefaultSerialSettingsEEENS_15DefaultSettingsENS_15DefaultPlatformEE14launchCallbackEv
                0x00002568      0x15c C:\Users\josem\AppData\Local\Temp\arduino-sketch-6DED6912A00D732A2B84CC76312842FC\sketch\JMY_USBMidi2Midi.ino.cpp.o
                0x00002568                midi::MidiInterface<midi::SerialMIDI<HardwareSerial, midi::DefaultSerialSettings>, midi::DefaultSettings, midi::DefaultPlatform>::launchCallback()
 .text._ZN4midi13MidiInterfaceINS_10SerialMIDII14HardwareSerialNS_21DefaultSerialSettingsEEENS_15DefaultSettingsENS_15DefaultPlatformEE10thruFilterEh
                0x000026c4      0x11e C:\Users\josem\AppData\Local\Temp\arduino-sketch-6DED6912A00D732A2B84CC76312842FC\sketch\JMY_USBMidi2Midi.ino.cpp.o
                0x000026c4                midi::MidiInterface<midi::SerialMIDI<HardwareSerial, midi::DefaultSerialSettings>, midi::DefaultSettings, midi::DefaultPlatform>::thruFilter(unsigned char)
 .text._ZN4midi13MidiInterfaceIN7usbMidi16usbMidiTransportENS_15DefaultSettingsENS_15DefaultPlatformEE16isChannelMessageENS_8MidiTypeE
                0x000027e2       0x24 C:\Users\josem\AppData\Local\Temp\arduino-sketch-6DED6912A00D732A2B84CC76312842FC\sketch\JMY_USBMidi2Midi.ino.cpp.o
                0x000027e2                midi::MidiInterface<usbMidi::usbMidiTransport, midi::DefaultSettings, midi::DefaultPlatform>::isChannelMessage(midi::MidiType)
 .text._ZN4midi13MidiInterfaceIN7usbMidi16usbMidiTransportENS_15DefaultSettingsENS_15DefaultPlatformEE21getTypeFromStatusByteEh
                0x00002806       0x22 C:\Users\josem\AppData\Local\Temp\arduino-sketch-6DED6912A00D732A2B84CC76312842FC\sketch\JMY_USBMidi2Midi.ino.cpp.o
                0x00002806                midi::MidiInterface<usbMidi::usbMidiTransport, midi::DefaultSettings, midi::DefaultPlatform>::getTypeFromStatusByte(unsigned char)
 .text._ZN4midi13MidiInterfaceIN7usbMidi16usbMidiTransportENS_15DefaultSettingsENS_15DefaultPlatformEE5parseEv
                0x00002828      0x344 C:\Users\josem\AppData\Local\Temp\arduino-sketch-6DED6912A00D732A2B84CC76312842FC\sketch\JMY_USBMidi2Midi.ino.cpp.o
                0x00002828                midi::MidiInterface<usbMidi::usbMidiTransport, midi::DefaultSettings, midi::DefaultPlatform>::parse()
 .text._ZN4midi13MidiInterfaceINS_10SerialMIDII14HardwareSerialNS_21DefaultSerialSettingsEEENS_15DefaultSettingsENS_15DefaultPlatformEE16isChannelMessageENS_8MidiTypeE
                0x00002b6c       0x24 C:\Users\josem\AppData\Local\Temp\arduino-sketch-6DED6912A00D732A2B84CC76312842FC\sketch\JMY_USBMidi2Midi.ino.cpp.o
                0x00002b6c                midi::MidiInterface<midi::SerialMIDI<HardwareSerial, midi::DefaultSerialSettings>, midi::DefaultSettings, midi::DefaultPlatform>::isChannelMessage(midi::MidiType)
 .text._ZN4midi13MidiInterfaceINS_10SerialMIDII14HardwareSerialNS_21DefaultSerialSettingsEEENS_15DefaultSettingsENS_15DefaultPlatformEE21getTypeFromStatusByteEh
                0x00002b90       0x22 C:\Users\josem\AppData\Local\Temp\arduino-sketch-6DED6912A00D732A2B84CC76312842FC\sketch\JMY_USBMidi2Midi.ino.cpp.o
                0x00002b90                midi::MidiInterface<midi::SerialMIDI<HardwareSerial, midi::DefaultSerialSettings>, midi::DefaultSettings, midi::DefaultPlatform>::getTypeFromStatusByte(unsigned char)
 .text._ZN4midi13MidiInterfaceIN7usbMidi16usbMidiTransportENS_15DefaultSettingsENS_15DefaultPlatformEE10sendCommonENS_8MidiTypeEj
                0x00002bb2       0x64 C:\Users\josem\AppData\Local\Temp\arduino-sketch-6DED6912A00D732A2B84CC76312842FC\sketch\JMY_USBMidi2Midi.ino.cpp.o
                0x00002bb2                midi::MidiInterface<usbMidi::usbMidiTransport, midi::DefaultSettings, midi::DefaultPlatform>::sendCommon(midi::MidiType, unsigned int)
 .text._ZN4midi13MidiInterfaceIN7usbMidi16usbMidiTransportENS_15DefaultSettingsENS_15DefaultPlatformEE10thruFilterEh
                0x00002c16      0x10e C:\Users\josem\AppData\Local\Temp\arduino-sketch-6DED6912A00D732A2B84CC76312842FC\sketch\JMY_USBMidi2Midi.ino.cpp.o
                0x00002c16                midi::MidiInterface<usbMidi::usbMidiTransport, midi::DefaultSettings, midi::DefaultPlatform>::thruFilter(unsigned char)
 .text.loop     0x00002d24      0x3ac C:\Users\josem\AppData\Local\Temp\arduino-sketch-6DED6912A00D732A2B84CC76312842FC\sketch\JMY_USBMidi2Midi.ino.cpp.o
                0x00002d24                loop
 .text.startup._GLOBAL__sub_I_usbMIDI
                0x000030d0      0x158 C:\Users\josem\AppData\Local\Temp\arduino-sketch-6DED6912A00D732A2B84CC76312842FC\sketch\JMY_USBMidi2Midi.ino.cpp.o
 .text._ZN18PluggableUSBModule14handleEndpointEi
                0x00003228        0x4 C:\Users\josem\AppData\Local\Temp\arduino-sketch-6DED6912A00D732A2B84CC76312842FC\libraries\MIDIUSB\MIDIUSB.cpp.o
                0x00003228                PluggableUSBModule::handleEndpoint(int)
 .text._ZN5MIDI_5setupER8USBSetup
                0x0000322c        0x4 C:\Users\josem\AppData\Local\Temp\arduino-sketch-6DED6912A00D732A2B84CC76312842FC\libraries\MIDIUSB\MIDIUSB.cpp.o
                0x0000322c                MIDI_::setup(USBSetup&)
 .text._ZN5MIDI_13getDescriptorER8USBSetup
                0x00003230        0x4 C:\Users\josem\AppData\Local\Temp\arduino-sketch-6DED6912A00D732A2B84CC76312842FC\libraries\MIDIUSB\MIDIUSB.cpp.o
                0x00003230                MIDI_::getDescriptor(USBSetup&)
 .text._ZN5MIDI_12getInterfaceEPh
                0x00003234      0x19c C:\Users\josem\AppData\Local\Temp\arduino-sketch-6DED6912A00D732A2B84CC76312842FC\libraries\MIDIUSB\MIDIUSB.cpp.o
                0x00003234                MIDI_::getInterface(unsigned char*)
 .text._ZN5MIDI_12getShortNameEPc
                0x000033d0       0x18 C:\Users\josem\AppData\Local\Temp\arduino-sketch-6DED6912A00D732A2B84CC76312842FC\libraries\MIDIUSB\MIDIUSB.cpp.o
                0x000033d0                MIDI_::getShortName(char*)
 .text._ZN5MIDI_6acceptEv
                0x000033e8       0x58 C:\Users\josem\AppData\Local\Temp\arduino-sketch-6DED6912A00D732A2B84CC76312842FC\libraries\MIDIUSB\MIDIUSB.cpp.o
                0x000033e8                MIDI_::accept()
 .text._ZN5MIDI_4readEv
                0x00003440       0x70 C:\Users\josem\AppData\Local\Temp\arduino-sketch-6DED6912A00D732A2B84CC76312842FC\libraries\MIDIUSB\MIDIUSB.cpp.o
                0x00003440                MIDI_::read()
 .text._ZN5MIDI_5flushEv
                0x000034b0       0x14 C:\Users\josem\AppData\Local\Temp\arduino-sketch-6DED6912A00D732A2B84CC76312842FC\libraries\MIDIUSB\MIDIUSB.cpp.o
                0x000034b0                MIDI_::flush()
 .text._ZN5MIDI_5writeEPKhj
                0x000034c4       0x20 C:\Users\josem\AppData\Local\Temp\arduino-sketch-6DED6912A00D732A2B84CC76312842FC\libraries\MIDIUSB\MIDIUSB.cpp.o
                0x000034c4                MIDI_::write(unsigned char const*, unsigned int)
 .text._ZN5MIDI_8sendMIDIE17midiEventPacket_t
                0x000034e4       0x28 C:\Users\josem\AppData\Local\Temp\arduino-sketch-6DED6912A00D732A2B84CC76312842FC\libraries\MIDIUSB\MIDIUSB.cpp.o
                0x000034e4                MIDI_::sendMIDI(midiEventPacket_t)
 .text._ZN5MIDI_C2Ev
                0x0000350c       0x38 C:\Users\josem\AppData\Local\Temp\arduino-sketch-6DED6912A00D732A2B84CC76312842FC\libraries\MIDIUSB\MIDIUSB.cpp.o
                0x0000350c                MIDI_::MIDI_()
                0x0000350c                MIDI_::MIDI_()
 .text.startup._GLOBAL__sub_I_midi_rx_buffer
                0x00003544       0x10 C:\Users\josem\AppData\Local\Temp\arduino-sketch-6DED6912A00D732A2B84CC76312842FC\libraries\MIDIUSB\MIDIUSB.cpp.o
 .text.SERCOM4_Handler
                0x00003554       0x10 C:\Users\josem\AppData\Local\Temp\arduino-sketch-6DED6912A00D732A2B84CC76312842FC\core\variant.cpp.o
                0x00003554                SERCOM4_Handler
 .text.startup._GLOBAL__sub_I_g_APinDescription
                0x00003564       0x80 C:\Users\josem\AppData\Local\Temp\arduino-sketch-6DED6912A00D732A2B84CC76312842FC\core\variant.cpp.o
 .text.Dummy_Handler
                0x000035e4        0x2 C:\Users\josem\AppData\Local\Temp\arduino-sketch-6DED6912A00D732A2B84CC76312842FC/..\arduino-core-cache\core_Seeeduino_samd_seeed_XIAO_m0_usbstack_arduino,debug_off_d03f25558222cd15566e7caf71286385.a(cortex_handlers.c.o)
                0x000035e4                DMAC_Handler
                0x000035e4                HardFault_Handler
                0x000035e4                AC_Handler
                0x000035e4                PendSV_Handler
                0x000035e4                NMI_Handler
                0x000035e4                TC7_Handler
                0x000035e4                SERCOM1_Handler
                0x000035e4                ADC_Handler
                0x000035e4                TCC1_Handler
                0x000035e4                SERCOM2_Handler
                0x000035e4                TCC0_Handler
                0x000035e4                RTC_Handler
                0x000035e4                EIC_Handler
                0x000035e4                TC6_Handler
                0x000035e4                WDT_Handler
                0x000035e4                TC4_Handler
                0x000035e4                TC3_Handler
                0x000035e4                Dummy_Handler
                0x000035e4                PM_Handler
                0x000035e4                SERCOM5_Handler
                0x000035e4                SVC_Handler
                0x000035e4                TCC2_Handler
                0x000035e4                EVSYS_Handler
                0x000035e4                SERCOM3_Handler
                0x000035e4                I2S_Handler
                0x000035e4                NVMCTRL_Handler
                0x000035e4                SERCOM0_Handler
                0x000035e4                DAC_Handler
                0x000035e4                PTC_Handler
                0x000035e4                SYSCTRL_Handler
 *fill*         0x000035e6        0x2 
 .text.USB_Handler
                0x000035e8       0x14 C:\Users\josem\AppData\Local\Temp\arduino-sketch-6DED6912A00D732A2B84CC76312842FC/..\arduino-core-cache\core_Seeeduino_samd_seeed_XIAO_m0_usbstack_arduino,debug_off_d03f25558222cd15566e7caf71286385.a(cortex_handlers.c.o)
                0x000035e8                USB_Handler
 .text.Reset_Handler
                0x000035fc       0x54 C:\Users\josem\AppData\Local\Temp\arduino-sketch-6DED6912A00D732A2B84CC76312842FC/..\arduino-core-cache\core_Seeeduino_samd_seeed_XIAO_m0_usbstack_arduino,debug_off_d03f25558222cd15566e7caf71286385.a(cortex_handlers.c.o)
                0x000035fc                Reset_Handler
 .text.SysTick_Handler
                0x00003650       0x10 C:\Users\josem\AppData\Local\Temp\arduino-sketch-6DED6912A00D732A2B84CC76312842FC/..\arduino-core-cache\core_Seeeduino_samd_seeed_XIAO_m0_usbstack_arduino,debug_off_d03f25558222cd15566e7caf71286385.a(cortex_handlers.c.o)
                0x00003650                SysTick_Handler
 .text.USB_SetHandler
                0x00003660        0xc C:\Users\josem\AppData\Local\Temp\arduino-sketch-6DED6912A00D732A2B84CC76312842FC/..\arduino-core-cache\core_Seeeduino_samd_seeed_XIAO_m0_usbstack_arduino,debug_off_d03f25558222cd15566e7caf71286385.a(cortex_handlers.c.o)
                0x00003660                USB_SetHandler
 .text.millis   0x0000366c        0xc C:\Users\josem\AppData\Local\Temp\arduino-sketch-6DED6912A00D732A2B84CC76312842FC/..\arduino-core-cache\core_Seeeduino_samd_seeed_XIAO_m0_usbstack_arduino,debug_off_d03f25558222cd15566e7caf71286385.a(delay.c.o)
                0x0000366c                millis
 .text.micros   0x00003678       0x60 C:\Users\josem\AppData\Local\Temp\arduino-sketch-6DED6912A00D732A2B84CC76312842FC/..\arduino-core-cache\core_Seeeduino_samd_seeed_XIAO_m0_usbstack_arduino,debug_off_d03f25558222cd15566e7caf71286385.a(delay.c.o)
                0x00003678                micros
 .text._real_delay
                0x000036d8       0x30 C:\Users\josem\AppData\Local\Temp\arduino-sketch-6DED6912A00D732A2B84CC76312842FC/..\arduino-core-cache\core_Seeeduino_samd_seeed_XIAO_m0_usbstack_arduino,debug_off_d03f25558222cd15566e7caf71286385.a(delay.c.o)
                0x000036d8                _real_delay
                0x000036d8                delay
 .text.SysTick_DefaultHandler
                0x00003708       0x14 C:\Users\josem\AppData\Local\Temp\arduino-sketch-6DED6912A00D732A2B84CC76312842FC/..\arduino-core-cache\core_Seeeduino_samd_seeed_XIAO_m0_usbstack_arduino,debug_off_d03f25558222cd15566e7caf71286385.a(delay.c.o)
                0x00003708                SysTick_DefaultHandler
 .text.__empty  0x0000371c        0x2 C:\Users\josem\AppData\Local\Temp\arduino-sketch-6DED6912A00D732A2B84CC76312842FC/..\arduino-core-cache\core_Seeeduino_samd_seeed_XIAO_m0_usbstack_arduino,debug_off_d03f25558222cd15566e7caf71286385.a(hooks.c.o)
                0x0000371c                yield
 .text.__false  0x0000371e        0x4 C:\Users\josem\AppData\Local\Temp\arduino-sketch-6DED6912A00D732A2B84CC76312842FC/..\arduino-core-cache\core_Seeeduino_samd_seeed_XIAO_m0_usbstack_arduino,debug_off_d03f25558222cd15566e7caf71286385.a(hooks.c.o)
                0x0000371e                sysTickHook
 *fill*         0x00003722        0x2 
 .text.SystemInit
                0x00003724      0x160 C:\Users\josem\AppData\Local\Temp\arduino-sketch-6DED6912A00D732A2B84CC76312842FC/..\arduino-core-cache\core_Seeeduino_samd_seeed_XIAO_m0_usbstack_arduino,debug_off_d03f25558222cd15566e7caf71286385.a(startup.c.o)
                0x00003724                SystemInit
 .text.init     0x00003884       0xe0 C:\Users\josem\AppData\Local\Temp\arduino-sketch-6DED6912A00D732A2B84CC76312842FC/..\arduino-core-cache\core_Seeeduino_samd_seeed_XIAO_m0_usbstack_arduino,debug_off_d03f25558222cd15566e7caf71286385.a(wiring.c.o)
                0x00003884                init
 .text.analogReference
                0x00003964       0x88 C:\Users\josem\AppData\Local\Temp\arduino-sketch-6DED6912A00D732A2B84CC76312842FC/..\arduino-core-cache\core_Seeeduino_samd_seeed_XIAO_m0_usbstack_arduino,debug_off_d03f25558222cd15566e7caf71286385.a(wiring_analog.c.o)
                0x00003964                analogReference
 .text.pinMode  0x000039ec       0x60 C:\Users\josem\AppData\Local\Temp\arduino-sketch-6DED6912A00D732A2B84CC76312842FC/..\arduino-core-cache\core_Seeeduino_samd_seeed_XIAO_m0_usbstack_arduino,debug_off_d03f25558222cd15566e7caf71286385.a(wiring_digital.c.o)
                0x000039ec                pinMode
 .text.digitalWrite
                0x00003a4c       0x58 C:\Users\josem\AppData\Local\Temp\arduino-sketch-6DED6912A00D732A2B84CC76312842FC/..\arduino-core-cache\core_Seeeduino_samd_seeed_XIAO_m0_usbstack_arduino,debug_off_d03f25558222cd15566e7caf71286385.a(wiring_digital.c.o)
                0x00003a4c                digitalWrite
 .text.pinPeripheral
                0x00003aa4       0xc4 C:\Users\josem\AppData\Local\Temp\arduino-sketch-6DED6912A00D732A2B84CC76312842FC/..\arduino-core-cache\core_Seeeduino_samd_seeed_XIAO_m0_usbstack_arduino,debug_off_d03f25558222cd15566e7caf71286385.a(wiring_private.c.o)
                0x00003aa4                pinPeripheral
 .text.initiateReset
                0x00003b68        0xc C:\Users\josem\AppData\Local\Temp\arduino-sketch-6DED6912A00D732A2B84CC76312842FC/..\arduino-core-cache\core_Seeeduino_samd_seeed_XIAO_m0_usbstack_arduino,debug_off_d03f25558222cd15566e7caf71286385.a(Reset.cpp.o)
                0x00003b68                initiateReset
 .text.cancelReset
                0x00003b74       0x10 C:\Users\josem\AppData\Local\Temp\arduino-sketch-6DED6912A00D732A2B84CC76312842FC/..\arduino-core-cache\core_Seeeduino_samd_seeed_XIAO_m0_usbstack_arduino,debug_off_d03f25558222cd15566e7caf71286385.a(Reset.cpp.o)
                0x00003b74                cancelReset
 .text.tickReset
                0x00003b84       0x78 C:\Users\josem\AppData\Local\Temp\arduino-sketch-6DED6912A00D732A2B84CC76312842FC/..\arduino-core-cache\core_Seeeduino_samd_seeed_XIAO_m0_usbstack_arduino,debug_off_d03f25558222cd15566e7caf71286385.a(Reset.cpp.o)
                0x00003b84                tickReset
 .text.__wrap__write
                0x00003bfc        0x4 C:\Users\josem\AppData\Local\Temp\arduino-sketch-6DED6912A00D732A2B84CC76312842FC/..\arduino-core-cache\core_Seeeduino_samd_seeed_XIAO_m0_usbstack_arduino,debug_off_d03f25558222cd15566e7caf71286385.a(Retarget.cpp.o)
                0x00003bfc                __wrap__write
 .text._ZN6SERCOMC2EP6Sercom
                0x00003c00        0x4 C:\Users\josem\AppData\Local\Temp\arduino-sketch-6DED6912A00D732A2B84CC76312842FC/..\arduino-core-cache\core_Seeeduino_samd_seeed_XIAO_m0_usbstack_arduino,debug_off_d03f25558222cd15566e7caf71286385.a(SERCOM.cpp.o)
                0x00003c00                SERCOM::SERCOM(Sercom*)
                0x00003c00                SERCOM::SERCOM(Sercom*)
 .text._ZN6SERCOM9initFrameE18SercomUartCharSize15SercomDataOrder16SercomParityMode19SercomNumberStopBit
                0x00003c04       0x3a C:\Users\josem\AppData\Local\Temp\arduino-sketch-6DED6912A00D732A2B84CC76312842FC/..\arduino-core-cache\core_Seeeduino_samd_seeed_XIAO_m0_usbstack_arduino,debug_off_d03f25558222cd15566e7caf71286385.a(SERCOM.cpp.o)
                0x00003c04                SERCOM::initFrame(SercomUartCharSize, SercomDataOrder, SercomParityMode, SercomNumberStopBit)
 .text._ZN6SERCOM8initPadsE15SercomUartTXPad11SercomRXPad
                0x00003c3e       0x26 C:\Users\josem\AppData\Local\Temp\arduino-sketch-6DED6912A00D732A2B84CC76312842FC/..\arduino-core-cache\core_Seeeduino_samd_seeed_XIAO_m0_usbstack_arduino,debug_off_d03f25558222cd15566e7caf71286385.a(SERCOM.cpp.o)
                0x00003c3e                SERCOM::initPads(SercomUartTXPad, SercomRXPad)
 .text._ZN6SERCOM9resetUARTEv
                0x00003c64       0x1a C:\Users\josem\AppData\Local\Temp\arduino-sketch-6DED6912A00D732A2B84CC76312842FC/..\arduino-core-cache\core_Seeeduino_samd_seeed_XIAO_m0_usbstack_arduino,debug_off_d03f25558222cd15566e7caf71286385.a(SERCOM.cpp.o)
                0x00003c64                SERCOM::resetUART()
 .text._ZN6SERCOM10enableUARTEv
                0x00003c7e       0x14 C:\Users\josem\AppData\Local\Temp\arduino-sketch-6DED6912A00D732A2B84CC76312842FC/..\arduino-core-cache\core_Seeeduino_samd_seeed_XIAO_m0_usbstack_arduino,debug_off_d03f25558222cd15566e7caf71286385.a(SERCOM.cpp.o)
                0x00003c7e                SERCOM::enableUART()
 .text._ZN6SERCOM9flushUARTEv
                0x00003c92       0x10 C:\Users\josem\AppData\Local\Temp\arduino-sketch-6DED6912A00D732A2B84CC76312842FC/..\arduino-core-cache\core_Seeeduino_samd_seeed_XIAO_m0_usbstack_arduino,debug_off_d03f25558222cd15566e7caf71286385.a(SERCOM.cpp.o)
                0x00003c92                SERCOM::flushUART()
 .text._ZN6SERCOM15clearStatusUARTEv
                0x00003ca2        0x8 C:\Users\josem\AppData\Local\Temp\arduino-sketch-6DED6912A00D732A2B84CC76312842FC/..\arduino-core-cache\core_Seeeduino_samd_seeed_XIAO_m0_usbstack_arduino,debug_off_d03f25558222cd15566e7caf71286385.a(SERCOM.cpp.o)
                0x00003ca2                SERCOM::clearStatusUART()
 .text._ZN6SERCOM17availableDataUARTEv
                0x00003caa        0xa C:\Users\josem\AppData\Local\Temp\arduino-sketch-6DED6912A00D732A2B84CC76312842FC/..\arduino-core-cache\core_Seeeduino_samd_seeed_XIAO_m0_usbstack_arduino,debug_off_d03f25558222cd15566e7caf71286385.a(SERCOM.cpp.o)
                0x00003caa                SERCOM::availableDataUART()
 .text._ZN6SERCOM11isUARTErrorEv
                0x00003cb4        0x8 C:\Users\josem\AppData\Local\Temp\arduino-sketch-6DED6912A00D732A2B84CC76312842FC/..\arduino-core-cache\core_Seeeduino_samd_seeed_XIAO_m0_usbstack_arduino,debug_off_d03f25558222cd15566e7caf71286385.a(SERCOM.cpp.o)
                0x00003cb4                SERCOM::isUARTError()
 .text._ZN6SERCOM20acknowledgeUARTErrorEv
                0x00003cbc        0xe C:\Users\josem\AppData\Local\Temp\arduino-sketch-6DED6912A00D732A2B84CC76312842FC/..\arduino-core-cache\core_Seeeduino_samd_seeed_XIAO_m0_usbstack_arduino,debug_off_d03f25558222cd15566e7caf71286385.a(SERCOM.cpp.o)
                0x00003cbc                SERCOM::acknowledgeUARTError()
 .text._ZN6SERCOM16isFrameErrorUARTEv
                0x00003cca        0xa C:\Users\josem\AppData\Local\Temp\arduino-sketch-6DED6912A00D732A2B84CC76312842FC/..\arduino-core-cache\core_Seeeduino_samd_seeed_XIAO_m0_usbstack_arduino,debug_off_d03f25558222cd15566e7caf71286385.a(SERCOM.cpp.o)
                0x00003cca                SERCOM::isFrameErrorUART()
 .text._ZN6SERCOM19clearFrameErrorUARTEv
                0x00003cd4        0xc C:\Users\josem\AppData\Local\Temp\arduino-sketch-6DED6912A00D732A2B84CC76312842FC/..\arduino-core-cache\core_Seeeduino_samd_seeed_XIAO_m0_usbstack_arduino,debug_off_d03f25558222cd15566e7caf71286385.a(SERCOM.cpp.o)
                0x00003cd4                SERCOM::clearFrameErrorUART()
 .text._ZN6SERCOM23isDataRegisterEmptyUARTEv
                0x00003ce0        0xa C:\Users\josem\AppData\Local\Temp\arduino-sketch-6DED6912A00D732A2B84CC76312842FC/..\arduino-core-cache\core_Seeeduino_samd_seeed_XIAO_m0_usbstack_arduino,debug_off_d03f25558222cd15566e7caf71286385.a(SERCOM.cpp.o)
                0x00003ce0                SERCOM::isDataRegisterEmptyUART()
 .text._ZN6SERCOM12readDataUARTEv
                0x00003cea        0x8 C:\Users\josem\AppData\Local\Temp\arduino-sketch-6DED6912A00D732A2B84CC76312842FC/..\arduino-core-cache\core_Seeeduino_samd_seeed_XIAO_m0_usbstack_arduino,debug_off_d03f25558222cd15566e7caf71286385.a(SERCOM.cpp.o)
                0x00003cea                SERCOM::readDataUART()
 .text._ZN6SERCOM13writeDataUARTEh
                0x00003cf2       0x10 C:\Users\josem\AppData\Local\Temp\arduino-sketch-6DED6912A00D732A2B84CC76312842FC/..\arduino-core-cache\core_Seeeduino_samd_seeed_XIAO_m0_usbstack_arduino,debug_off_d03f25558222cd15566e7caf71286385.a(SERCOM.cpp.o)
                0x00003cf2                SERCOM::writeDataUART(unsigned char)
 .text._ZN6SERCOM36enableDataRegisterEmptyInterruptUARTEv
                0x00003d02        0x8 C:\Users\josem\AppData\Local\Temp\arduino-sketch-6DED6912A00D732A2B84CC76312842FC/..\arduino-core-cache\core_Seeeduino_samd_seeed_XIAO_m0_usbstack_arduino,debug_off_d03f25558222cd15566e7caf71286385.a(SERCOM.cpp.o)
                0x00003d02                SERCOM::enableDataRegisterEmptyInterruptUART()
 .text._ZN6SERCOM37disableDataRegisterEmptyInterruptUARTEv
                0x00003d0a        0x8 C:\Users\josem\AppData\Local\Temp\arduino-sketch-6DED6912A00D732A2B84CC76312842FC/..\arduino-core-cache\core_Seeeduino_samd_seeed_XIAO_m0_usbstack_arduino,debug_off_d03f25558222cd15566e7caf71286385.a(SERCOM.cpp.o)
                0x00003d0a                SERCOM::disableDataRegisterEmptyInterruptUART()
 *fill*         0x00003d12        0x2 
 .text._ZN6SERCOM14getSercomIndexEv
                0x00003d14       0x5c C:\Users\josem\AppData\Local\Temp\arduino-sketch-6DED6912A00D732A2B84CC76312842FC/..\arduino-core-cache\core_Seeeduino_samd_seeed_XIAO_m0_usbstack_arduino,debug_off_d03f25558222cd15566e7caf71286385.a(SERCOM.cpp.o)
                0x00003d14                SERCOM::getSercomIndex()
 .text._ZN6SERCOM13initClockNVICEv
                0x00003d70       0x90 C:\Users\josem\AppData\Local\Temp\arduino-sketch-6DED6912A00D732A2B84CC76312842FC/..\arduino-core-cache\core_Seeeduino_samd_seeed_XIAO_m0_usbstack_arduino,debug_off_d03f25558222cd15566e7caf71286385.a(SERCOM.cpp.o)
                0x00003d70                SERCOM::initClockNVIC()
 .text._ZN6SERCOM8initUARTE14SercomUartMode20SercomUartSampleRatem
                0x00003e00       0x6c C:\Users\josem\AppData\Local\Temp\arduino-sketch-6DED6912A00D732A2B84CC76312842FC/..\arduino-core-cache\core_Seeeduino_samd_seeed_XIAO_m0_usbstack_arduino,debug_off_d03f25558222cd15566e7caf71286385.a(SERCOM.cpp.o)
                0x00003e00                SERCOM::initUART(SercomUartMode, SercomUartSampleRate, unsigned long)
 .text._ZN13PluggableUSB_12getInterfaceEPh
                0x00003e6c       0x28 C:\Users\josem\AppData\Local\Temp\arduino-sketch-6DED6912A00D732A2B84CC76312842FC/..\arduino-core-cache\core_Seeeduino_samd_seeed_XIAO_m0_usbstack_arduino,debug_off_d03f25558222cd15566e7caf71286385.a(PluggableUSB.cpp.o)
                0x00003e6c                PluggableUSB_::getInterface(unsigned char*)
 .text._ZN13PluggableUSB_13getDescriptorER8USBSetup
                0x00003e94       0x20 C:\Users\josem\AppData\Local\Temp\arduino-sketch-6DED6912A00D732A2B84CC76312842FC/..\arduino-core-cache\core_Seeeduino_samd_seeed_XIAO_m0_usbstack_arduino,debug_off_d03f25558222cd15566e7caf71286385.a(PluggableUSB.cpp.o)
                0x00003e94                PluggableUSB_::getDescriptor(USBSetup&)
 .text._ZN13PluggableUSB_5setupER8USBSetup
                0x00003eb4       0x20 C:\Users\josem\AppData\Local\Temp\arduino-sketch-6DED6912A00D732A2B84CC76312842FC/..\arduino-core-cache\core_Seeeduino_samd_seeed_XIAO_m0_usbstack_arduino,debug_off_d03f25558222cd15566e7caf71286385.a(PluggableUSB.cpp.o)
                0x00003eb4                PluggableUSB_::setup(USBSetup&)
 .text._ZN13PluggableUSB_14handleEndpointEi
                0x00003ed4       0x20 C:\Users\josem\AppData\Local\Temp\arduino-sketch-6DED6912A00D732A2B84CC76312842FC/..\arduino-core-cache\core_Seeeduino_samd_seeed_XIAO_m0_usbstack_arduino,debug_off_d03f25558222cd15566e7caf71286385.a(PluggableUSB.cpp.o)
                0x00003ed4                PluggableUSB_::handleEndpoint(int)
 .text._ZN13PluggableUSB_4plugEP18PluggableUSBModule
                0x00003ef4       0x58 C:\Users\josem\AppData\Local\Temp\arduino-sketch-6DED6912A00D732A2B84CC76312842FC/..\arduino-core-cache\core_Seeeduino_samd_seeed_XIAO_m0_usbstack_arduino,debug_off_d03f25558222cd15566e7caf71286385.a(PluggableUSB.cpp.o)
                0x00003ef4                PluggableUSB_::plug(PluggableUSBModule*)
 .text._Z12PluggableUSBv
                0x00003f4c       0x24 C:\Users\josem\AppData\Local\Temp\arduino-sketch-6DED6912A00D732A2B84CC76312842FC/..\arduino-core-cache\core_Seeeduino_samd_seeed_XIAO_m0_usbstack_arduino,debug_off_d03f25558222cd15566e7caf71286385.a(PluggableUSB.cpp.o)
                0x00003f4c                PluggableUSB()
 .text._ZN26DoubleBufferedEPOutHandlerD2Ev
                0x00003f70        0x2 C:\Users\josem\AppData\Local\Temp\arduino-sketch-6DED6912A00D732A2B84CC76312842FC/..\arduino-core-cache\core_Seeeduino_samd_seeed_XIAO_m0_usbstack_arduino,debug_off_d03f25558222cd15566e7caf71286385.a(USBCore.cpp.o)
                0x00003f70                DoubleBufferedEPOutHandler::~DoubleBufferedEPOutHandler()
                0x00003f70                DoubleBufferedEPOutHandler::~DoubleBufferedEPOutHandler()
 .text._ZN26DoubleBufferedEPOutHandler4initEv
                0x00003f72        0x2 C:\Users\josem\AppData\Local\Temp\arduino-sketch-6DED6912A00D732A2B84CC76312842FC/..\arduino-core-cache\core_Seeeduino_samd_seeed_XIAO_m0_usbstack_arduino,debug_off_d03f25558222cd15566e7caf71286385.a(USBCore.cpp.o)
                0x00003f72                DoubleBufferedEPOutHandler::init()
 .text._ZL5utox8mPc
                0x00003f74       0x24 C:\Users\josem\AppData\Local\Temp\arduino-sketch-6DED6912A00D732A2B84CC76312842FC/..\arduino-core-cache\core_Seeeduino_samd_seeed_XIAO_m0_usbstack_arduino,debug_off_d03f25558222cd15566e7caf71286385.a(USBCore.cpp.o)
 .text._ZN26DoubleBufferedEPOutHandlerD0Ev
                0x00003f98       0x10 C:\Users\josem\AppData\Local\Temp\arduino-sketch-6DED6912A00D732A2B84CC76312842FC/..\arduino-core-cache\core_Seeeduino_samd_seeed_XIAO_m0_usbstack_arduino,debug_off_d03f25558222cd15566e7caf71286385.a(USBCore.cpp.o)
                0x00003f98                DoubleBufferedEPOutHandler::~DoubleBufferedEPOutHandler()
 .text._ZN14USBDeviceClass6initEPEmm.part.8
                0x00003fa8       0xe0 C:\Users\josem\AppData\Local\Temp\arduino-sketch-6DED6912A00D732A2B84CC76312842FC/..\arduino-core-cache\core_Seeeduino_samd_seeed_XIAO_m0_usbstack_arduino,debug_off_d03f25558222cd15566e7caf71286385.a(USBCore.cpp.o)
 .text._ZN7__GuardC2Ev
                0x00004088        0xe C:\Users\josem\AppData\Local\Temp\arduino-sketch-6DED6912A00D732A2B84CC76312842FC/..\arduino-core-cache\core_Seeeduino_samd_seeed_XIAO_m0_usbstack_arduino,debug_off_d03f25558222cd15566e7caf71286385.a(USBCore.cpp.o)
                0x00004088                __Guard::__Guard()
                0x00004088                __Guard::__Guard()
 .text._ZN7__GuardD2Ev
                0x00004096        0xe C:\Users\josem\AppData\Local\Temp\arduino-sketch-6DED6912A00D732A2B84CC76312842FC/..\arduino-core-cache\core_Seeeduino_samd_seeed_XIAO_m0_usbstack_arduino,debug_off_d03f25558222cd15566e7caf71286385.a(USBCore.cpp.o)
                0x00004096                __Guard::~__Guard()
                0x00004096                __Guard::~__Guard()
 .text._ZNK26DoubleBufferedEPOutHandler10_availableEv
                0x000040a4       0x6a C:\Users\josem\AppData\Local\Temp\arduino-sketch-6DED6912A00D732A2B84CC76312842FC/..\arduino-core-cache\core_Seeeduino_samd_seeed_XIAO_m0_usbstack_arduino,debug_off_d03f25558222cd15566e7caf71286385.a(USBCore.cpp.o)
                0x000040a4                DoubleBufferedEPOutHandler::_available() const
 *fill*         0x0000410e        0x2 
 .text._ZN26DoubleBufferedEPOutHandler7releaseEv
                0x00004110       0x3c C:\Users\josem\AppData\Local\Temp\arduino-sketch-6DED6912A00D732A2B84CC76312842FC/..\arduino-core-cache\core_Seeeduino_samd_seeed_XIAO_m0_usbstack_arduino,debug_off_d03f25558222cd15566e7caf71286385.a(USBCore.cpp.o)
                0x00004110                DoubleBufferedEPOutHandler::release()
 .text._ZN26DoubleBufferedEPOutHandler14handleEndpointEv
                0x0000414c       0xdc C:\Users\josem\AppData\Local\Temp\arduino-sketch-6DED6912A00D732A2B84CC76312842FC/..\arduino-core-cache\core_Seeeduino_samd_seeed_XIAO_m0_usbstack_arduino,debug_off_d03f25558222cd15566e7caf71286385.a(USBCore.cpp.o)
                0x0000414c                DoubleBufferedEPOutHandler::handleEndpoint()
 .text._ZN26DoubleBufferedEPOutHandler5_recvEv
                0x00004228      0x184 C:\Users\josem\AppData\Local\Temp\arduino-sketch-6DED6912A00D732A2B84CC76312842FC/..\arduino-core-cache\core_Seeeduino_samd_seeed_XIAO_m0_usbstack_arduino,debug_off_d03f25558222cd15566e7caf71286385.a(USBCore.cpp.o)
                0x00004228                DoubleBufferedEPOutHandler::_recv()
 .text._ZN26DoubleBufferedEPOutHandler4peekEv
                0x000043ac       0x22 C:\Users\josem\AppData\Local\Temp\arduino-sketch-6DED6912A00D732A2B84CC76312842FC/..\arduino-core-cache\core_Seeeduino_samd_seeed_XIAO_m0_usbstack_arduino,debug_off_d03f25558222cd15566e7caf71286385.a(USBCore.cpp.o)
                0x000043ac                DoubleBufferedEPOutHandler::peek()
 .text._ZN26DoubleBufferedEPOutHandler9availableEv
                0x000043ce       0x18 C:\Users\josem\AppData\Local\Temp\arduino-sketch-6DED6912A00D732A2B84CC76312842FC/..\arduino-core-cache\core_Seeeduino_samd_seeed_XIAO_m0_usbstack_arduino,debug_off_d03f25558222cd15566e7caf71286385.a(USBCore.cpp.o)
                0x000043ce                DoubleBufferedEPOutHandler::available()
 .text._ZN26DoubleBufferedEPOutHandler4recvEPvm
                0x000043e6       0x72 C:\Users\josem\AppData\Local\Temp\arduino-sketch-6DED6912A00D732A2B84CC76312842FC/..\arduino-core-cache\core_Seeeduino_samd_seeed_XIAO_m0_usbstack_arduino,debug_off_d03f25558222cd15566e7caf71286385.a(USBCore.cpp.o)
                0x000043e6                DoubleBufferedEPOutHandler::recv(void*, unsigned long)
 .text._ZN14USBDeviceClass14SendInterfacesEPm
                0x00004458       0x2c C:\Users\josem\AppData\Local\Temp\arduino-sketch-6DED6912A00D732A2B84CC76312842FC/..\arduino-core-cache\core_Seeeduino_samd_seeed_XIAO_m0_usbstack_arduino,debug_off_d03f25558222cd15566e7caf71286385.a(USBCore.cpp.o)
                0x00004458                USBDeviceClass::SendInterfaces(unsigned long*)
 .text._ZN14USBDeviceClass14handleEndpointEh
                0x00004484       0x48 C:\Users\josem\AppData\Local\Temp\arduino-sketch-6DED6912A00D732A2B84CC76312842FC/..\arduino-core-cache\core_Seeeduino_samd_seeed_XIAO_m0_usbstack_arduino,debug_off_d03f25558222cd15566e7caf71286385.a(USBCore.cpp.o)
                0x00004484                USBDeviceClass::handleEndpoint(unsigned char)
 .text._ZN14USBDeviceClass4initEv
                0x000044cc      0x10c C:\Users\josem\AppData\Local\Temp\arduino-sketch-6DED6912A00D732A2B84CC76312842FC/..\arduino-core-cache\core_Seeeduino_samd_seeed_XIAO_m0_usbstack_arduino,debug_off_d03f25558222cd15566e7caf71286385.a(USBCore.cpp.o)
                0x000044cc                USBDeviceClass::init()
 .text._ZN14USBDeviceClass6attachEv
                0x000045d8       0x34 C:\Users\josem\AppData\Local\Temp\arduino-sketch-6DED6912A00D732A2B84CC76312842FC/..\arduino-core-cache\core_Seeeduino_samd_seeed_XIAO_m0_usbstack_arduino,debug_off_d03f25558222cd15566e7caf71286385.a(USBCore.cpp.o)
                0x000045d8                USBDeviceClass::attach()
 .text._ZN14USBDeviceClass10setAddressEm
                0x0000460c       0x48 C:\Users\josem\AppData\Local\Temp\arduino-sketch-6DED6912A00D732A2B84CC76312842FC/..\arduino-core-cache\core_Seeeduino_samd_seeed_XIAO_m0_usbstack_arduino,debug_off_d03f25558222cd15566e7caf71286385.a(USBCore.cpp.o)
                0x0000460c                USBDeviceClass::setAddress(unsigned long)
 .text._ZN14USBDeviceClass25handleClassInterfaceSetupER8USBSetup
                0x00004654       0x44 C:\Users\josem\AppData\Local\Temp\arduino-sketch-6DED6912A00D732A2B84CC76312842FC/..\arduino-core-cache\core_Seeeduino_samd_seeed_XIAO_m0_usbstack_arduino,debug_off_d03f25558222cd15566e7caf71286385.a(USBCore.cpp.o)
                0x00004654                USBDeviceClass::handleClassInterfaceSetup(USBSetup&)
 .text._ZN14USBDeviceClass6initEPEmm
                0x00004698      0x12c C:\Users\josem\AppData\Local\Temp\arduino-sketch-6DED6912A00D732A2B84CC76312842FC/..\arduino-core-cache\core_Seeeduino_samd_seeed_XIAO_m0_usbstack_arduino,debug_off_d03f25558222cd15566e7caf71286385.a(USBCore.cpp.o)
                0x00004698                USBDeviceClass::initEP(unsigned long, unsigned long)
 .text._ZN14USBDeviceClass13initEndpointsEv
                0x000047c4       0x24 C:\Users\josem\AppData\Local\Temp\arduino-sketch-6DED6912A00D732A2B84CC76312842FC/..\arduino-core-cache\core_Seeeduino_samd_seeed_XIAO_m0_usbstack_arduino,debug_off_d03f25558222cd15566e7caf71286385.a(USBCore.cpp.o)
                0x000047c4                USBDeviceClass::initEndpoints()
 .text._ZN14USBDeviceClass5clearEm
                0x000047e8       0x38 C:\Users\josem\AppData\Local\Temp\arduino-sketch-6DED6912A00D732A2B84CC76312842FC/..\arduino-core-cache\core_Seeeduino_samd_seeed_XIAO_m0_usbstack_arduino,debug_off_d03f25558222cd15566e7caf71286385.a(USBCore.cpp.o)
                0x000047e8                USBDeviceClass::clear(unsigned long)
 .text._ZN14USBDeviceClass9availableEm
                0x00004820       0x2c C:\Users\josem\AppData\Local\Temp\arduino-sketch-6DED6912A00D732A2B84CC76312842FC/..\arduino-core-cache\core_Seeeduino_samd_seeed_XIAO_m0_usbstack_arduino,debug_off_d03f25558222cd15566e7caf71286385.a(USBCore.cpp.o)
                0x00004820                USBDeviceClass::available(unsigned long)
 .text._ZN14USBDeviceClass5flushEm
                0x0000484c       0x2c C:\Users\josem\AppData\Local\Temp\arduino-sketch-6DED6912A00D732A2B84CC76312842FC/..\arduino-core-cache\core_Seeeduino_samd_seeed_XIAO_m0_usbstack_arduino,debug_off_d03f25558222cd15566e7caf71286385.a(USBCore.cpp.o)
                0x0000484c                USBDeviceClass::flush(unsigned long)
 .text._ZN14USBDeviceClass14armRecvCtrlOUTEm
                0x00004878       0x5c C:\Users\josem\AppData\Local\Temp\arduino-sketch-6DED6912A00D732A2B84CC76312842FC/..\arduino-core-cache\core_Seeeduino_samd_seeed_XIAO_m0_usbstack_arduino,debug_off_d03f25558222cd15566e7caf71286385.a(USBCore.cpp.o)
                0x00004878                USBDeviceClass::armRecvCtrlOUT(unsigned long)
 .text._ZN14USBDeviceClass11recvControlEPvm
                0x000048d4       0x3c C:\Users\josem\AppData\Local\Temp\arduino-sketch-6DED6912A00D732A2B84CC76312842FC/..\arduino-core-cache\core_Seeeduino_samd_seeed_XIAO_m0_usbstack_arduino,debug_off_d03f25558222cd15566e7caf71286385.a(USBCore.cpp.o)
                0x000048d4                USBDeviceClass::recvControl(void*, unsigned long)
 .text._ZN14USBDeviceClass7armRecvEm
                0x00004910       0x38 C:\Users\josem\AppData\Local\Temp\arduino-sketch-6DED6912A00D732A2B84CC76312842FC/..\arduino-core-cache\core_Seeeduino_samd_seeed_XIAO_m0_usbstack_arduino,debug_off_d03f25558222cd15566e7caf71286385.a(USBCore.cpp.o)
                0x00004910                USBDeviceClass::armRecv(unsigned long)
 .text._ZN14USBDeviceClass4recvEmPvm
                0x00004948       0xd8 C:\Users\josem\AppData\Local\Temp\arduino-sketch-6DED6912A00D732A2B84CC76312842FC/..\arduino-core-cache\core_Seeeduino_samd_seeed_XIAO_m0_usbstack_arduino,debug_off_d03f25558222cd15566e7caf71286385.a(USBCore.cpp.o)
                0x00004948                USBDeviceClass::recv(unsigned long, void*, unsigned long)
 .text._ZN14USBDeviceClass4recvEm
                0x00004a20       0x1c C:\Users\josem\AppData\Local\Temp\arduino-sketch-6DED6912A00D732A2B84CC76312842FC/..\arduino-core-cache\core_Seeeduino_samd_seeed_XIAO_m0_usbstack_arduino,debug_off_d03f25558222cd15566e7caf71286385.a(USBCore.cpp.o)
                0x00004a20                USBDeviceClass::recv(unsigned long)
 .text._ZN14USBDeviceClass4sendEmPKvm
                0x00004a3c      0x110 C:\Users\josem\AppData\Local\Temp\arduino-sketch-6DED6912A00D732A2B84CC76312842FC/..\arduino-core-cache\core_Seeeduino_samd_seeed_XIAO_m0_usbstack_arduino,debug_off_d03f25558222cd15566e7caf71286385.a(USBCore.cpp.o)
                0x00004a3c                USBDeviceClass::send(unsigned long, void const*, unsigned long)
 .text._ZN14USBDeviceClass7armSendEmPKvm
                0x00004b4c       0x48 C:\Users\josem\AppData\Local\Temp\arduino-sketch-6DED6912A00D732A2B84CC76312842FC/..\arduino-core-cache\core_Seeeduino_samd_seeed_XIAO_m0_usbstack_arduino,debug_off_d03f25558222cd15566e7caf71286385.a(USBCore.cpp.o)
                0x00004b4c                USBDeviceClass::armSend(unsigned long, void const*, unsigned long)
 .text._ZN14USBDeviceClass11sendControlEPKvm
                0x00004b94       0x54 C:\Users\josem\AppData\Local\Temp\arduino-sketch-6DED6912A00D732A2B84CC76312842FC/..\arduino-core-cache\core_Seeeduino_samd_seeed_XIAO_m0_usbstack_arduino,debug_off_d03f25558222cd15566e7caf71286385.a(USBCore.cpp.o)
                0x00004b94                USBDeviceClass::sendControl(void const*, unsigned long)
 .text._ZN14USBDeviceClass20sendStringDescriptorEPKhh
                0x00004be8       0x68 C:\Users\josem\AppData\Local\Temp\arduino-sketch-6DED6912A00D732A2B84CC76312842FC/..\arduino-core-cache\core_Seeeduino_samd_seeed_XIAO_m0_usbstack_arduino,debug_off_d03f25558222cd15566e7caf71286385.a(USBCore.cpp.o)
                0x00004be8                USBDeviceClass::sendStringDescriptor(unsigned char const*, unsigned char)
 .text._ZN14USBDeviceClass17sendConfigurationEm
                0x00004c50       0x80 C:\Users\josem\AppData\Local\Temp\arduino-sketch-6DED6912A00D732A2B84CC76312842FC/..\arduino-core-cache\core_Seeeduino_samd_seeed_XIAO_m0_usbstack_arduino,debug_off_d03f25558222cd15566e7caf71286385.a(USBCore.cpp.o)
                0x00004c50                USBDeviceClass::sendConfiguration(unsigned long)
 .text._ZN14USBDeviceClass14sendDescriptorER8USBSetup
                0x00004cd0       0xf0 C:\Users\josem\AppData\Local\Temp\arduino-sketch-6DED6912A00D732A2B84CC76312842FC/..\arduino-core-cache\core_Seeeduino_samd_seeed_XIAO_m0_usbstack_arduino,debug_off_d03f25558222cd15566e7caf71286385.a(USBCore.cpp.o)
                0x00004cd0                USBDeviceClass::sendDescriptor(USBSetup&)
 .text._ZN14USBDeviceClass19handleStandardSetupER8USBSetup
                0x00004dc0      0x104 C:\Users\josem\AppData\Local\Temp\arduino-sketch-6DED6912A00D732A2B84CC76312842FC/..\arduino-core-cache\core_Seeeduino_samd_seeed_XIAO_m0_usbstack_arduino,debug_off_d03f25558222cd15566e7caf71286385.a(USBCore.cpp.o)
                0x00004dc0                USBDeviceClass::handleStandardSetup(USBSetup&)
 .text._ZN14USBDeviceClass10ISRHandlerEv
                0x00004ec4      0x140 C:\Users\josem\AppData\Local\Temp\arduino-sketch-6DED6912A00D732A2B84CC76312842FC/..\arduino-core-cache\core_Seeeduino_samd_seeed_XIAO_m0_usbstack_arduino,debug_off_d03f25558222cd15566e7caf71286385.a(USBCore.cpp.o)
                0x00004ec4                USBDeviceClass::ISRHandler()
 .text.UDD_Handler
                0x00005004       0x10 C:\Users\josem\AppData\Local\Temp\arduino-sketch-6DED6912A00D732A2B84CC76312842FC/..\arduino-core-cache\core_Seeeduino_samd_seeed_XIAO_m0_usbstack_arduino,debug_off_d03f25558222cd15566e7caf71286385.a(USBCore.cpp.o)
                0x00005004                UDD_Handler
 .text.startup._GLOBAL__sub_I_usbd
                0x00005014       0x10 C:\Users\josem\AppData\Local\Temp\arduino-sketch-6DED6912A00D732A2B84CC76312842FC/..\arduino-core-cache\core_Seeeduino_samd_seeed_XIAO_m0_usbstack_arduino,debug_off_d03f25558222cd15566e7caf71286385.a(USBCore.cpp.o)
 .text._ZN4UartcvbEv
                0x00005024        0x4 C:\Users\josem\AppData\Local\Temp\arduino-sketch-6DED6912A00D732A2B84CC76312842FC/..\arduino-core-cache\core_Seeeduino_samd_seeed_XIAO_m0_usbstack_arduino,debug_off_d03f25558222cd15566e7caf71286385.a(Uart.cpp.o)
                0x00005024                Uart::operator bool()
 .text._ZN4Uart5beginEm
                0x00005028       0x10 C:\Users\josem\AppData\Local\Temp\arduino-sketch-6DED6912A00D732A2B84CC76312842FC/..\arduino-core-cache\core_Seeeduino_samd_seeed_XIAO_m0_usbstack_arduino,debug_off_d03f25558222cd15566e7caf71286385.a(Uart.cpp.o)
                0x00005028                Uart::begin(unsigned long)
 .text._ZN4Uart4peekEv
                0x00005038       0x1a C:\Users\josem\AppData\Local\Temp\arduino-sketch-6DED6912A00D732A2B84CC76312842FC/..\arduino-core-cache\core_Seeeduino_samd_seeed_XIAO_m0_usbstack_arduino,debug_off_d03f25558222cd15566e7caf71286385.a(Uart.cpp.o)
                0x00005038                Uart::peek()
 .text._ZN4Uart3endEv
                0x00005052       0x20 C:\Users\josem\AppData\Local\Temp\arduino-sketch-6DED6912A00D732A2B84CC76312842FC/..\arduino-core-cache\core_Seeeduino_samd_seeed_XIAO_m0_usbstack_arduino,debug_off_d03f25558222cd15566e7caf71286385.a(Uart.cpp.o)
                0x00005052                Uart::end()
 .text._ZN4Uart16extractNbStopBitEt
                0x00005072        0xc C:\Users\josem\AppData\Local\Temp\arduino-sketch-6DED6912A00D732A2B84CC76312842FC/..\arduino-core-cache\core_Seeeduino_samd_seeed_XIAO_m0_usbstack_arduino,debug_off_d03f25558222cd15566e7caf71286385.a(Uart.cpp.o)
                0x00005072                Uart::extractNbStopBit(unsigned short)
 .text._ZN4Uart15extractCharSizeEt
                0x0000507e       0x28 C:\Users\josem\AppData\Local\Temp\arduino-sketch-6DED6912A00D732A2B84CC76312842FC/..\arduino-core-cache\core_Seeeduino_samd_seeed_XIAO_m0_usbstack_arduino,debug_off_d03f25558222cd15566e7caf71286385.a(Uart.cpp.o)
                0x0000507e                Uart::extractCharSize(unsigned short)
 .text._ZN4Uart13extractParityEt
                0x000050a6       0x14 C:\Users\josem\AppData\Local\Temp\arduino-sketch-6DED6912A00D732A2B84CC76312842FC/..\arduino-core-cache\core_Seeeduino_samd_seeed_XIAO_m0_usbstack_arduino,debug_off_d03f25558222cd15566e7caf71286385.a(Uart.cpp.o)
                0x000050a6                Uart::extractParity(unsigned short)
 *fill*         0x000050ba        0x2 
 .text._ZN4Uart5beginEmt
                0x000050bc       0xf8 C:\Users\josem\AppData\Local\Temp\arduino-sketch-6DED6912A00D732A2B84CC76312842FC/..\arduino-core-cache\core_Seeeduino_samd_seeed_XIAO_m0_usbstack_arduino,debug_off_d03f25558222cd15566e7caf71286385.a(Uart.cpp.o)
                0x000050bc                Uart::begin(unsigned long, unsigned short)
 .text._ZN11RingBufferNILi256EEC2Ev
                0x000051b4       0x1c C:\Users\josem\AppData\Local\Temp\arduino-sketch-6DED6912A00D732A2B84CC76312842FC/..\arduino-core-cache\core_Seeeduino_samd_seeed_XIAO_m0_usbstack_arduino,debug_off_d03f25558222cd15566e7caf71286385.a(Uart.cpp.o)
                0x000051b4                RingBufferN<256>::RingBufferN()
                0x000051b4                RingBufferN<256>::RingBufferN()
 .text._ZN4UartC2EP6SERCOMhh11SercomRXPad15SercomUartTXPad
                0x000051d0       0x74 C:\Users\josem\AppData\Local\Temp\arduino-sketch-6DED6912A00D732A2B84CC76312842FC/..\arduino-core-cache\core_Seeeduino_samd_seeed_XIAO_m0_usbstack_arduino,debug_off_d03f25558222cd15566e7caf71286385.a(Uart.cpp.o)
                0x000051d0                Uart::Uart(SERCOM*, unsigned char, unsigned char, SercomRXPad, SercomUartTXPad)
                0x000051d0                Uart::Uart(SERCOM*, unsigned char, unsigned char, SercomRXPad, SercomUartTXPad)
 .text._ZN11RingBufferNILi256EE17availableForStoreEv
                0x00005244       0x20 C:\Users\josem\AppData\Local\Temp\arduino-sketch-6DED6912A00D732A2B84CC76312842FC/..\arduino-core-cache\core_Seeeduino_samd_seeed_XIAO_m0_usbstack_arduino,debug_off_d03f25558222cd15566e7caf71286385.a(Uart.cpp.o)
                0x00005244                RingBufferN<256>::availableForStore()
 .text._ZN4Uart17availableForWriteEv
                0x00005264        0xc C:\Users\josem\AppData\Local\Temp\arduino-sketch-6DED6912A00D732A2B84CC76312842FC/..\arduino-core-cache\core_Seeeduino_samd_seeed_XIAO_m0_usbstack_arduino,debug_off_d03f25558222cd15566e7caf71286385.a(Uart.cpp.o)
                0x00005264                Uart::availableForWrite()
 .text._ZN4Uart4readEv
                0x00005270       0x4c C:\Users\josem\AppData\Local\Temp\arduino-sketch-6DED6912A00D732A2B84CC76312842FC/..\arduino-core-cache\core_Seeeduino_samd_seeed_XIAO_m0_usbstack_arduino,debug_off_d03f25558222cd15566e7caf71286385.a(Uart.cpp.o)
                0x00005270                Uart::read()
 .text._ZN11RingBufferNILi256EE9availableEv
                0x000052bc       0x12 C:\Users\josem\AppData\Local\Temp\arduino-sketch-6DED6912A00D732A2B84CC76312842FC/..\arduino-core-cache\core_Seeeduino_samd_seeed_XIAO_m0_usbstack_arduino,debug_off_d03f25558222cd15566e7caf71286385.a(Uart.cpp.o)
                0x000052bc                RingBufferN<256>::available()
 .text._ZN4Uart5flushEv
                0x000052ce       0x1a C:\Users\josem\AppData\Local\Temp\arduino-sketch-6DED6912A00D732A2B84CC76312842FC/..\arduino-core-cache\core_Seeeduino_samd_seeed_XIAO_m0_usbstack_arduino,debug_off_d03f25558222cd15566e7caf71286385.a(Uart.cpp.o)
                0x000052ce                Uart::flush()
 .text._ZN4Uart9availableEv
                0x000052e8        0xa C:\Users\josem\AppData\Local\Temp\arduino-sketch-6DED6912A00D732A2B84CC76312842FC/..\arduino-core-cache\core_Seeeduino_samd_seeed_XIAO_m0_usbstack_arduino,debug_off_d03f25558222cd15566e7caf71286385.a(Uart.cpp.o)
                0x000052e8                Uart::available()
 .text._ZN4Uart10IrqHandlerEv
                0x000052f2       0xcc C:\Users\josem\AppData\Local\Temp\arduino-sketch-6DED6912A00D732A2B84CC76312842FC/..\arduino-core-cache\core_Seeeduino_samd_seeed_XIAO_m0_usbstack_arduino,debug_off_d03f25558222cd15566e7caf71286385.a(Uart.cpp.o)
                0x000052f2                Uart::IrqHandler()
 *fill*         0x000053be        0x2 
 .text._ZN4Uart5writeEh
                0x000053c0       0xb4 C:\Users\josem\AppData\Local\Temp\arduino-sketch-6DED6912A00D732A2B84CC76312842FC/..\arduino-core-cache\core_Seeeduino_samd_seeed_XIAO_m0_usbstack_arduino,debug_off_d03f25558222cd15566e7caf71286385.a(Uart.cpp.o)
                0x000053c0                Uart::write(unsigned char)
 .text._Z11initVariantv
                0x00005474        0x2 C:\Users\josem\AppData\Local\Temp\arduino-sketch-6DED6912A00D732A2B84CC76312842FC/..\arduino-core-cache\core_Seeeduino_samd_seeed_XIAO_m0_usbstack_arduino,debug_off_d03f25558222cd15566e7caf71286385.a(main.cpp.o)
                0x00005474                initVariant()
 *fill*         0x00005476        0x2 
 .text._Z10_real_bodyv
                0x00005478       0x20 C:\Users\josem\AppData\Local\Temp\arduino-sketch-6DED6912A00D732A2B84CC76312842FC/..\arduino-core-cache\core_Seeeduino_samd_seeed_XIAO_m0_usbstack_arduino,debug_off_d03f25558222cd15566e7caf71286385.a(main.cpp.o)
                0x00005478                _real_body()
 .text._Z10_wrap_bodyv
                0x00005498        0x6 C:\Users\josem\AppData\Local\Temp\arduino-sketch-6DED6912A00D732A2B84CC76312842FC/..\arduino-core-cache\core_Seeeduino_samd_seeed_XIAO_m0_usbstack_arduino,debug_off_d03f25558222cd15566e7caf71286385.a(main.cpp.o)
                0x00005498                _wrap_body()
 *fill*         0x0000549e        0x2 
 .text.startup.main
                0x000054a0       0x30 C:\Users\josem\AppData\Local\Temp\arduino-sketch-6DED6912A00D732A2B84CC76312842FC/..\arduino-core-cache\core_Seeeduino_samd_seeed_XIAO_m0_usbstack_arduino,debug_off_d03f25558222cd15566e7caf71286385.a(main.cpp.o)
                0x000054a0                main
 .text._Znwj    0x000054d0        0x8 C:\Users\josem\AppData\Local\Temp\arduino-sketch-6DED6912A00D732A2B84CC76312842FC/..\arduino-core-cache\core_Seeeduino_samd_seeed_XIAO_m0_usbstack_arduino,debug_off_d03f25558222cd15566e7caf71286385.a(new.cpp.o)
                0x000054d0                operator new(unsigned int)
 .text._ZdlPv   0x000054d8        0x8 C:\Users\josem\AppData\Local\Temp\arduino-sketch-6DED6912A00D732A2B84CC76312842FC/..\arduino-core-cache\core_Seeeduino_samd_seeed_XIAO_m0_usbstack_arduino,debug_off_d03f25558222cd15566e7caf71286385.a(new.cpp.o)
                0x000054d8                operator delete(void*)
 .text._sbrk    0x000054e0       0x3c C:\Users\josem\AppData\Local\Temp\arduino-sketch-6DED6912A00D732A2B84CC76312842FC/..\arduino-core-cache\core_Seeeduino_samd_seeed_XIAO_m0_usbstack_arduino,debug_off_d03f25558222cd15566e7caf71286385.a(new.cpp.o)
                0x000054e0                _sbrk
 .text._ZN5Print5writeEPKhj
                0x0000551c       0x28 C:\Users\josem\AppData\Local\Temp\arduino-sketch-6DED6912A00D732A2B84CC76312842FC/..\arduino-core-cache\core_Seeeduino_samd_seeed_XIAO_m0_usbstack_arduino,debug_off_d03f25558222cd15566e7caf71286385.a(Print.cpp.o)
                0x0000551c                Print::write(unsigned char const*, unsigned int)
 .text._ZN7Serial_17availableForWriteEv
                0x00005544        0x4 C:\Users\josem\AppData\Local\Temp\arduino-sketch-6DED6912A00D732A2B84CC76312842FC/..\arduino-core-cache\core_Seeeduino_samd_seeed_XIAO_m0_usbstack_arduino,debug_off_d03f25558222cd15566e7caf71286385.a(CDC.cpp.o)
                0x00005544                Serial_::availableForWrite()
 .text._ZN7Serial_5writeEh
                0x00005548       0x14 C:\Users\josem\AppData\Local\Temp\arduino-sketch-6DED6912A00D732A2B84CC76312842FC/..\arduino-core-cache\core_Seeeduino_samd_seeed_XIAO_m0_usbstack_arduino,debug_off_d03f25558222cd15566e7caf71286385.a(CDC.cpp.o)
                0x00005548                Serial_::write(unsigned char)
 .text._ZN7Serial_9availableEv
                0x0000555c       0x1c C:\Users\josem\AppData\Local\Temp\arduino-sketch-6DED6912A00D732A2B84CC76312842FC/..\arduino-core-cache\core_Seeeduino_samd_seeed_XIAO_m0_usbstack_arduino,debug_off_d03f25558222cd15566e7caf71286385.a(CDC.cpp.o)
                0x0000555c                Serial_::available()
 .text._ZN7Serial_5flushEv
                0x00005578        0xc C:\Users\josem\AppData\Local\Temp\arduino-sketch-6DED6912A00D732A2B84CC76312842FC/..\arduino-core-cache\core_Seeeduino_samd_seeed_XIAO_m0_usbstack_arduino,debug_off_d03f25558222cd15566e7caf71286385.a(CDC.cpp.o)
                0x00005578                Serial_::flush()
 .text._ZN7Serial_5clearEv
                0x00005584        0xc C:\Users\josem\AppData\Local\Temp\arduino-sketch-6DED6912A00D732A2B84CC76312842FC/..\arduino-core-cache\core_Seeeduino_samd_seeed_XIAO_m0_usbstack_arduino,debug_off_d03f25558222cd15566e7caf71286385.a(CDC.cpp.o)
                0x00005584                Serial_::clear()
 .text._ZN7Serial_4peekEv
                0x00005590       0x1c C:\Users\josem\AppData\Local\Temp\arduino-sketch-6DED6912A00D732A2B84CC76312842FC/..\arduino-core-cache\core_Seeeduino_samd_seeed_XIAO_m0_usbstack_arduino,debug_off_d03f25558222cd15566e7caf71286385.a(CDC.cpp.o)
                0x00005590                Serial_::peek()
 .text._ZN7Serial_4readEv
                0x000055ac       0x24 C:\Users\josem\AppData\Local\Temp\arduino-sketch-6DED6912A00D732A2B84CC76312842FC/..\arduino-core-cache\core_Seeeduino_samd_seeed_XIAO_m0_usbstack_arduino,debug_off_d03f25558222cd15566e7caf71286385.a(CDC.cpp.o)
                0x000055ac                Serial_::read()
 .text._ZN7Serial_5writeEPKhj
                0x000055d0       0x30 C:\Users\josem\AppData\Local\Temp\arduino-sketch-6DED6912A00D732A2B84CC76312842FC/..\arduino-core-cache\core_Seeeduino_samd_seeed_XIAO_m0_usbstack_arduino,debug_off_d03f25558222cd15566e7caf71286385.a(CDC.cpp.o)
                0x000055d0                Serial_::write(unsigned char const*, unsigned int)
 .text._Z16CDC_GetInterfacePh
                0x00005600       0x1c C:\Users\josem\AppData\Local\Temp\arduino-sketch-6DED6912A00D732A2B84CC76312842FC/..\arduino-core-cache\core_Seeeduino_samd_seeed_XIAO_m0_usbstack_arduino,debug_off_d03f25558222cd15566e7caf71286385.a(CDC.cpp.o)
                0x00005600                CDC_GetInterface(unsigned char*)
 .text._Z9CDC_SetupR8USBSetup
                0x0000561c       0x7c C:\Users\josem\AppData\Local\Temp\arduino-sketch-6DED6912A00D732A2B84CC76312842FC/..\arduino-core-cache\core_Seeeduino_samd_seeed_XIAO_m0_usbstack_arduino,debug_off_d03f25558222cd15566e7caf71286385.a(CDC.cpp.o)
                0x0000561c                CDC_Setup(USBSetup&)
 .text.startup._GLOBAL__sub_I__Z17_CDC_GetInterfacev
                0x00005698       0x28 C:\Users\josem\AppData\Local\Temp\arduino-sketch-6DED6912A00D732A2B84CC76312842FC/..\arduino-core-cache\core_Seeeduino_samd_seeed_XIAO_m0_usbstack_arduino,debug_off_d03f25558222cd15566e7caf71286385.a(CDC.cpp.o)
 .text._ZN20USBDevice_SAMD21G18x5resetEv
                0x000056c0       0x2e C:\Users\josem\AppData\Local\Temp\arduino-sketch-6DED6912A00D732A2B84CC76312842FC/..\arduino-core-cache\core_Seeeduino_samd_seeed_XIAO_m0_usbstack_arduino,debug_off_d03f25558222cd15566e7caf71286385.a(SAMD21_USBDevice.cpp.o)
                0x000056c0                USBDevice_SAMD21G18x::reset()
 *fill*         0x000056ee        0x2 
 .text._ZN20USBDevice_SAMD21G18x9calibrateEv
                0x000056f0       0x60 C:\Users\josem\AppData\Local\Temp\arduino-sketch-6DED6912A00D732A2B84CC76312842FC/..\arduino-core-cache\core_Seeeduino_samd_seeed_XIAO_m0_usbstack_arduino,debug_off_d03f25558222cd15566e7caf71286385.a(SAMD21_USBDevice.cpp.o)
                0x000056f0                USBDevice_SAMD21G18x::calibrate()
 .text.__aeabi_atexit
                0x00005750        0xe c:/users/josem/appdata/local/arduino15/packages/seeeduino/tools/arm-none-eabi-gcc/7-2017q4/bin/../lib/gcc/arm-none-eabi/7.2.1/../../../../arm-none-eabi/lib/thumb/v6-m\libstdc++_nano.a(atexit_arm.o)
                0x00005750                __aeabi_atexit
 .text._ZdlPvj  0x0000575e        0x8 c:/users/josem/appdata/local/arduino15/packages/seeeduino/tools/arm-none-eabi-gcc/7-2017q4/bin/../lib/gcc/arm-none-eabi/7.2.1/../../../../arm-none-eabi/lib/thumb/v6-m\libstdc++_nano.a(del_ops.o)
                0x0000575e                operator delete(void*, unsigned int)
 *fill*         0x00005766        0x2 
 .text          0x00005768       0x14 c:/users/josem/appdata/local/arduino15/packages/seeeduino/tools/arm-none-eabi-gcc/7-2017q4/bin/../lib/gcc/arm-none-eabi/7.2.1/thumb/v6-m\libgcc.a(_thumb1_case_sqi.o)
                0x00005768                __gnu_thumb1_case_sqi
 .text          0x0000577c       0x14 c:/users/josem/appdata/local/arduino15/packages/seeeduino/tools/arm-none-eabi-gcc/7-2017q4/bin/../lib/gcc/arm-none-eabi/7.2.1/thumb/v6-m\libgcc.a(_thumb1_case_uqi.o)
                0x0000577c                __gnu_thumb1_case_uqi
 .text          0x00005790      0x114 c:/users/josem/appdata/local/arduino15/packages/seeeduino/tools/arm-none-eabi-gcc/7-2017q4/bin/../lib/gcc/arm-none-eabi/7.2.1/thumb/v6-m\libgcc.a(_udivsi3.o)
                0x00005790                __aeabi_uidiv
                0x00005790                __udivsi3
                0x0000589c                __aeabi_uidivmod
 .text          0x000058a4      0x1d4 c:/users/josem/appdata/local/arduino15/packages/seeeduino/tools/arm-none-eabi-gcc/7-2017q4/bin/../lib/gcc/arm-none-eabi/7.2.1/thumb/v6-m\libgcc.a(_divsi3.o)
                0x000058a4                __divsi3
                0x000058a4                __aeabi_idiv
                0x00005a70                __aeabi_idivmod
 .text          0x00005a78        0x4 c:/users/josem/appdata/local/arduino15/packages/seeeduino/tools/arm-none-eabi-gcc/7-2017q4/bin/../lib/gcc/arm-none-eabi/7.2.1/thumb/v6-m\libgcc.a(_dvmd_tls.o)
                0x00005a78                __aeabi_idiv0
                0x00005a78                __aeabi_ldiv0
 .text          0x00005a7c       0x7c c:/users/josem/appdata/local/arduino15/packages/seeeduino/tools/arm-none-eabi-gcc/7-2017q4/bin/../lib/gcc/arm-none-eabi/7.2.1/thumb/v6-m\libgcc.a(_arm_cmpdf2.o)
                0x00005a7c                __aeabi_cdrcmple
                0x00005a8c                __aeabi_cdcmple
                0x00005a8c                __aeabi_cdcmpeq
                0x00005a9c                __aeabi_dcmpeq
                0x00005aa8                __aeabi_dcmplt
                0x00005abc                __aeabi_dcmple
                0x00005ad0                __aeabi_dcmpgt
                0x00005ae4                __aeabi_dcmpge
 .text          0x00005af8       0x3c c:/users/josem/appdata/local/arduino15/packages/seeeduino/tools/arm-none-eabi-gcc/7-2017q4/bin/../lib/gcc/arm-none-eabi/7.2.1/thumb/v6-m\libgcc.a(_fixunsdfsi.o)
                0x00005af8                __aeabi_d2uiz
                0x00005af8                __fixunsdfsi
 .text          0x00005b34      0x638 c:/users/josem/appdata/local/arduino15/packages/seeeduino/tools/arm-none-eabi-gcc/7-2017q4/bin/../lib/gcc/arm-none-eabi/7.2.1/thumb/v6-m\libgcc.a(adddf3.o)
                0x00005b34                __aeabi_dadd
 .text          0x0000616c      0x604 c:/users/josem/appdata/local/arduino15/packages/seeeduino/tools/arm-none-eabi-gcc/7-2017q4/bin/../lib/gcc/arm-none-eabi/7.2.1/thumb/v6-m\libgcc.a(divdf3.o)
                0x0000616c                __aeabi_ddiv
 .text          0x00006770       0x78 c:/users/josem/appdata/local/arduino15/packages/seeeduino/tools/arm-none-eabi-gcc/7-2017q4/bin/../lib/gcc/arm-none-eabi/7.2.1/thumb/v6-m\libgcc.a(eqdf2.o)
                0x00006770                __nedf2
                0x00006770                __eqdf2
 .text          0x000067e8       0xc8 c:/users/josem/appdata/local/arduino15/packages/seeeduino/tools/arm-none-eabi-gcc/7-2017q4/bin/../lib/gcc/arm-none-eabi/7.2.1/thumb/v6-m\libgcc.a(gedf2.o)
                0x000067e8                __gedf2
                0x000067e8                __gtdf2
 .text          0x000068b0       0xd0 c:/users/josem/appdata/local/arduino15/packages/seeeduino/tools/arm-none-eabi-gcc/7-2017q4/bin/../lib/gcc/arm-none-eabi/7.2.1/thumb/v6-m\libgcc.a(ledf2.o)
                0x000068b0                __ledf2
                0x000068b0                __ltdf2
 .text          0x00006980      0x4e4 c:/users/josem/appdata/local/arduino15/packages/seeeduino/tools/arm-none-eabi-gcc/7-2017q4/bin/../lib/gcc/arm-none-eabi/7.2.1/thumb/v6-m\libgcc.a(muldf3.o)
                0x00006980                __aeabi_dmul
 .text          0x00006e64      0x690 c:/users/josem/appdata/local/arduino15/packages/seeeduino/tools/arm-none-eabi-gcc/7-2017q4/bin/../lib/gcc/arm-none-eabi/7.2.1/thumb/v6-m\libgcc.a(subdf3.o)
                0x00006e64                __aeabi_dsub
 .text          0x000074f4       0x38 c:/users/josem/appdata/local/arduino15/packages/seeeduino/tools/arm-none-eabi-gcc/7-2017q4/bin/../lib/gcc/arm-none-eabi/7.2.1/thumb/v6-m\libgcc.a(unorddf2.o)
                0x000074f4                __aeabi_dcmpun
 .text          0x0000752c       0x6c c:/users/josem/appdata/local/arduino15/packages/seeeduino/tools/arm-none-eabi-gcc/7-2017q4/bin/../lib/gcc/arm-none-eabi/7.2.1/thumb/v6-m\libgcc.a(fixdfsi.o)
                0x0000752c                __aeabi_d2iz
 .text          0x00007598       0x64 c:/users/josem/appdata/local/arduino15/packages/seeeduino/tools/arm-none-eabi-gcc/7-2017q4/bin/../lib/gcc/arm-none-eabi/7.2.1/thumb/v6-m\libgcc.a(floatunsidf.o)
                0x00007598                __aeabi_ui2d
 .text          0x000075fc       0x3c c:/users/josem/appdata/local/arduino15/packages/seeeduino/tools/arm-none-eabi-gcc/7-2017q4/bin/../lib/gcc/arm-none-eabi/7.2.1/thumb/v6-m\libgcc.a(_clzsi2.o)
                0x000075fc                __clzsi2
 .text.__cxa_atexit
                0x00007638       0x1c c:/users/josem/appdata/local/arduino15/packages/seeeduino/tools/arm-none-eabi-gcc/7-2017q4/bin/../lib/gcc/arm-none-eabi/7.2.1/../../../../arm-none-eabi/lib/thumb/v6-m\libc_nano.a(lib_a-cxa_atexit.o)
                0x00007638                __cxa_atexit
 .text.__libc_init_array
                0x00007654       0x48 c:/users/josem/appdata/local/arduino15/packages/seeeduino/tools/arm-none-eabi-gcc/7-2017q4/bin/../lib/gcc/arm-none-eabi/7.2.1/../../../../arm-none-eabi/lib/thumb/v6-m\libc_nano.a(lib_a-init.o)
                0x00007654                __libc_init_array
 .text.malloc   0x0000769c       0x14 c:/users/josem/appdata/local/arduino15/packages/seeeduino/tools/arm-none-eabi-gcc/7-2017q4/bin/../lib/gcc/arm-none-eabi/7.2.1/../../../../arm-none-eabi/lib/thumb/v6-m\libc_nano.a(lib_a-malloc.o)
                0x0000769c                malloc
 .text.free     0x000076b0       0x14 c:/users/josem/appdata/local/arduino15/packages/seeeduino/tools/arm-none-eabi-gcc/7-2017q4/bin/../lib/gcc/arm-none-eabi/7.2.1/../../../../arm-none-eabi/lib/thumb/v6-m\libc_nano.a(lib_a-malloc.o)
                0x000076b0                free
 .text.memcpy   0x000076c4       0x12 c:/users/josem/appdata/local/arduino15/packages/seeeduino/tools/arm-none-eabi-gcc/7-2017q4/bin/../lib/gcc/arm-none-eabi/7.2.1/../../../../arm-none-eabi/lib/thumb/v6-m\libc_nano.a(lib_a-memcpy-stub.o)
                0x000076c4                memcpy
 .text.memset   0x000076d6       0x10 c:/users/josem/appdata/local/arduino15/packages/seeeduino/tools/arm-none-eabi-gcc/7-2017q4/bin/../lib/gcc/arm-none-eabi/7.2.1/../../../../arm-none-eabi/lib/thumb/v6-m\libc_nano.a(lib_a-memset.o)
                0x000076d6                memset
 *fill*         0x000076e6        0x2 
 .text._free_r  0x000076e8       0x94 c:/users/josem/appdata/local/arduino15/packages/seeeduino/tools/arm-none-eabi-gcc/7-2017q4/bin/../lib/gcc/arm-none-eabi/7.2.1/../../../../arm-none-eabi/lib/thumb/v6-m\libc_nano.a(lib_a-nano-freer.o)
                0x000076e8                _free_r
 .text._malloc_r
                0x0000777c       0xbc c:/users/josem/appdata/local/arduino15/packages/seeeduino/tools/arm-none-eabi-gcc/7-2017q4/bin/../lib/gcc/arm-none-eabi/7.2.1/../../../../arm-none-eabi/lib/thumb/v6-m\libc_nano.a(lib_a-nano-mallocr.o)
                0x0000777c                _malloc_r
 .text.__cvt    0x00007838       0xc8 c:/users/josem/appdata/local/arduino15/packages/seeeduino/tools/arm-none-eabi-gcc/7-2017q4/bin/../lib/gcc/arm-none-eabi/7.2.1/../../../../arm-none-eabi/lib/thumb/v6-m\libc_nano.a(lib_a-nano-vfprintf_float.o)
                0x00007838                __cvt
 .text.__exponent
                0x00007900       0x70 c:/users/josem/appdata/local/arduino15/packages/seeeduino/tools/arm-none-eabi-gcc/7-2017q4/bin/../lib/gcc/arm-none-eabi/7.2.1/../../../../arm-none-eabi/lib/thumb/v6-m\libc_nano.a(lib_a-nano-vfprintf_float.o)
                0x00007900                __exponent
 .text._printf_float
                0x00007970      0x498 c:/users/josem/appdata/local/arduino15/packages/seeeduino/tools/arm-none-eabi-gcc/7-2017q4/bin/../lib/gcc/arm-none-eabi/7.2.1/../../../../arm-none-eabi/lib/thumb/v6-m\libc_nano.a(lib_a-nano-vfprintf_float.o)
                0x00007970                _printf_float
 .text._printf_common
                0x00007e08       0xda c:/users/josem/appdata/local/arduino15/packages/seeeduino/tools/arm-none-eabi-gcc/7-2017q4/bin/../lib/gcc/arm-none-eabi/7.2.1/../../../../arm-none-eabi/lib/thumb/v6-m\libc_nano.a(lib_a-nano-vfprintf_i.o)
                0x00007e08                _printf_common
 *fill*         0x00007ee2        0x2 
 .text._printf_i
                0x00007ee4      0x210 c:/users/josem/appdata/local/arduino15/packages/seeeduino/tools/arm-none-eabi-gcc/7-2017q4/bin/../lib/gcc/arm-none-eabi/7.2.1/../../../../arm-none-eabi/lib/thumb/v6-m\libc_nano.a(lib_a-nano-vfprintf_i.o)
                0x00007ee4                _printf_i
 .text._scanf_float
                0x000080f4      0x3fc c:/users/josem/appdata/local/arduino15/packages/seeeduino/tools/arm-none-eabi-gcc/7-2017q4/bin/../lib/gcc/arm-none-eabi/7.2.1/../../../../arm-none-eabi/lib/thumb/v6-m\libc_nano.a(lib_a-nano-vfscanf_float.o)
                0x000080f4                _scanf_float
 .text._sbrk_r  0x000084f0       0x24 c:/users/josem/appdata/local/arduino15/packages/seeeduino/tools/arm-none-eabi-gcc/7-2017q4/bin/../lib/gcc/arm-none-eabi/7.2.1/../../../../arm-none-eabi/lib/thumb/v6-m\libc_nano.a(lib_a-sbrkr.o)
                0x000084f0                _sbrk_r
 .text.nanf     0x00008514        0x8 c:/users/josem/appdata/local/arduino15/packages/seeeduino/tools/arm-none-eabi-gcc/7-2017q4/bin/../lib/gcc/arm-none-eabi/7.2.1/../../../../arm-none-eabi/lib/thumb/v6-m\libc_nano.a(lib_a-sf_nan.o)
                0x00008514                nanf
 .text.sprintf  0x0000851c       0x40 c:/users/josem/appdata/local/arduino15/packages/seeeduino/tools/arm-none-eabi-gcc/7-2017q4/bin/../lib/gcc/arm-none-eabi/7.2.1/../../../../arm-none-eabi/lib/thumb/v6-m\libc_nano.a(lib_a-sprintf.o)
                0x0000851c                siprintf
                0x0000851c                sprintf
 .text          0x0000855c        0xe c:/users/josem/appdata/local/arduino15/packages/seeeduino/tools/arm-none-eabi-gcc/7-2017q4/bin/../lib/gcc/arm-none-eabi/7.2.1/../../../../arm-none-eabi/lib/thumb/v6-m\libc_nano.a(lib_a-strlen.o)
                0x0000855c                strlen
 *fill*         0x0000856a        0x2 
 .text.unlikely.sulp
                0x0000856c       0x30 c:/users/josem/appdata/local/arduino15/packages/seeeduino/tools/arm-none-eabi-gcc/7-2017q4/bin/../lib/gcc/arm-none-eabi/7.2.1/../../../../arm-none-eabi/lib/thumb/v6-m\libc_nano.a(lib_a-strtod.o)
 .text._strtod_l
                0x0000859c      0xc50 c:/users/josem/appdata/local/arduino15/packages/seeeduino/tools/arm-none-eabi-gcc/7-2017q4/bin/../lib/gcc/arm-none-eabi/7.2.1/../../../../arm-none-eabi/lib/thumb/v6-m\libc_nano.a(lib_a-strtod.o)
                0x0000859c                _strtod_l
 .text._strtod_r
                0x000091ec       0x1c c:/users/josem/appdata/local/arduino15/packages/seeeduino/tools/arm-none-eabi-gcc/7-2017q4/bin/../lib/gcc/arm-none-eabi/7.2.1/../../../../arm-none-eabi/lib/thumb/v6-m\libc_nano.a(lib_a-strtod.o)
                0x000091ec                _strtod_r
 .text._strtol_l.isra.0
                0x00009208      0x104 c:/users/josem/appdata/local/arduino15/packages/seeeduino/tools/arm-none-eabi-gcc/7-2017q4/bin/../lib/gcc/arm-none-eabi/7.2.1/../../../../arm-none-eabi/lib/thumb/v6-m\libc_nano.a(lib_a-strtol.o)
 .text._strtol_r
                0x0000930c       0x20 c:/users/josem/appdata/local/arduino15/packages/seeeduino/tools/arm-none-eabi-gcc/7-2017q4/bin/../lib/gcc/arm-none-eabi/7.2.1/../../../../arm-none-eabi/lib/thumb/v6-m\libc_nano.a(lib_a-strtol.o)
                0x0000930c                _strtol_r
 .text.quorem   0x0000932c      0x10c c:/users/josem/appdata/local/arduino15/packages/seeeduino/tools/arm-none-eabi-gcc/7-2017q4/bin/../lib/gcc/arm-none-eabi/7.2.1/../../../../arm-none-eabi/lib/thumb/v6-m\libc_nano.a(lib_a-dtoa.o)
 .text._dtoa_r  0x00009438      0xbc0 c:/users/josem/appdata/local/arduino15/packages/seeeduino/tools/arm-none-eabi-gcc/7-2017q4/bin/../lib/gcc/arm-none-eabi/7.2.1/../../../../arm-none-eabi/lib/thumb/v6-m\libc_nano.a(lib_a-dtoa.o)
                0x00009438                _dtoa_r
 .text.rshift   0x00009ff8       0x68 c:/users/josem/appdata/local/arduino15/packages/seeeduino/tools/arm-none-eabi-gcc/7-2017q4/bin/../lib/gcc/arm-none-eabi/7.2.1/../../../../arm-none-eabi/lib/thumb/v6-m\libc_nano.a(lib_a-gdtoa-gethex.o)
 .text.__hexdig_fun
                0x0000a060       0x2a c:/users/josem/appdata/local/arduino15/packages/seeeduino/tools/arm-none-eabi-gcc/7-2017q4/bin/../lib/gcc/arm-none-eabi/7.2.1/../../../../arm-none-eabi/lib/thumb/v6-m\libc_nano.a(lib_a-gdtoa-gethex.o)
                0x0000a060                __hexdig_fun
 .text.__gethex
                0x0000a08a      0x456 c:/users/josem/appdata/local/arduino15/packages/seeeduino/tools/arm-none-eabi-gcc/7-2017q4/bin/../lib/gcc/arm-none-eabi/7.2.1/../../../../arm-none-eabi/lib/thumb/v6-m\libc_nano.a(lib_a-gdtoa-gethex.o)
                0x0000a08a                __gethex
 .text.L_shift  0x0000a4e0       0x24 c:/users/josem/appdata/local/arduino15/packages/seeeduino/tools/arm-none-eabi-gcc/7-2017q4/bin/../lib/gcc/arm-none-eabi/7.2.1/../../../../arm-none-eabi/lib/thumb/v6-m\libc_nano.a(lib_a-gdtoa-hexnan.o)
 .text.__match  0x0000a504       0x28 c:/users/josem/appdata/local/arduino15/packages/seeeduino/tools/arm-none-eabi-gcc/7-2017q4/bin/../lib/gcc/arm-none-eabi/7.2.1/../../../../arm-none-eabi/lib/thumb/v6-m\libc_nano.a(lib_a-gdtoa-hexnan.o)
                0x0000a504                __match
 .text.__hexnan
                0x0000a52c      0x12e c:/users/josem/appdata/local/arduino15/packages/seeeduino/tools/arm-none-eabi-gcc/7-2017q4/bin/../lib/gcc/arm-none-eabi/7.2.1/../../../../arm-none-eabi/lib/thumb/v6-m\libc_nano.a(lib_a-gdtoa-hexnan.o)
                0x0000a52c                __hexnan
 .text.__locale_ctype_ptr_l
                0x0000a65a        0x6 c:/users/josem/appdata/local/arduino15/packages/seeeduino/tools/arm-none-eabi-gcc/7-2017q4/bin/../lib/gcc/arm-none-eabi/7.2.1/../../../../arm-none-eabi/lib/thumb/v6-m\libc_nano.a(lib_a-locale.o)
                0x0000a65a                __locale_ctype_ptr_l
 .text.__localeconv_l
                0x0000a660        0x4 c:/users/josem/appdata/local/arduino15/packages/seeeduino/tools/arm-none-eabi-gcc/7-2017q4/bin/../lib/gcc/arm-none-eabi/7.2.1/../../../../arm-none-eabi/lib/thumb/v6-m\libc_nano.a(lib_a-localeconv.o)
                0x0000a660                __localeconv_l
 .text._localeconv_r
                0x0000a664       0x18 c:/users/josem/appdata/local/arduino15/packages/seeeduino/tools/arm-none-eabi-gcc/7-2017q4/bin/../lib/gcc/arm-none-eabi/7.2.1/../../../../arm-none-eabi/lib/thumb/v6-m\libc_nano.a(lib_a-localeconv.o)
                0x0000a664                _localeconv_r
 .text.__ascii_mbtowc
                0x0000a67c       0x24 c:/users/josem/appdata/local/arduino15/packages/seeeduino/tools/arm-none-eabi-gcc/7-2017q4/bin/../lib/gcc/arm-none-eabi/7.2.1/../../../../arm-none-eabi/lib/thumb/v6-m\libc_nano.a(lib_a-mbtowc_r.o)
                0x0000a67c                __ascii_mbtowc
 .text.memchr   0x0000a6a0       0x16 c:/users/josem/appdata/local/arduino15/packages/seeeduino/tools/arm-none-eabi-gcc/7-2017q4/bin/../lib/gcc/arm-none-eabi/7.2.1/../../../../arm-none-eabi/lib/thumb/v6-m\libc_nano.a(lib_a-memchr-stub.o)
                0x0000a6a0                memchr
 .text.__malloc_lock
                0x0000a6b6        0x2 c:/users/josem/appdata/local/arduino15/packages/seeeduino/tools/arm-none-eabi-gcc/7-2017q4/bin/../lib/gcc/arm-none-eabi/7.2.1/../../../../arm-none-eabi/lib/thumb/v6-m\libc_nano.a(lib_a-mlock.o)
                0x0000a6b6                __malloc_lock
 .text.__malloc_unlock
                0x0000a6b8        0x2 c:/users/josem/appdata/local/arduino15/packages/seeeduino/tools/arm-none-eabi-gcc/7-2017q4/bin/../lib/gcc/arm-none-eabi/7.2.1/../../../../arm-none-eabi/lib/thumb/v6-m\libc_nano.a(lib_a-mlock.o)
                0x0000a6b8                __malloc_unlock
 .text._Balloc  0x0000a6ba       0x70 c:/users/josem/appdata/local/arduino15/packages/seeeduino/tools/arm-none-eabi-gcc/7-2017q4/bin/../lib/gcc/arm-none-eabi/7.2.1/../../../../arm-none-eabi/lib/thumb/v6-m\libc_nano.a(lib_a-mprec.o)
                0x0000a6ba                _Balloc
 .text._Bfree   0x0000a72a       0x32 c:/users/josem/appdata/local/arduino15/packages/seeeduino/tools/arm-none-eabi-gcc/7-2017q4/bin/../lib/gcc/arm-none-eabi/7.2.1/../../../../arm-none-eabi/lib/thumb/v6-m\libc_nano.a(lib_a-mprec.o)
                0x0000a72a                _Bfree
 .text.__multadd
                0x0000a75c       0x7c c:/users/josem/appdata/local/arduino15/packages/seeeduino/tools/arm-none-eabi-gcc/7-2017q4/bin/../lib/gcc/arm-none-eabi/7.2.1/../../../../arm-none-eabi/lib/thumb/v6-m\libc_nano.a(lib_a-mprec.o)
                0x0000a75c                __multadd
 .text.__s2b    0x0000a7d8       0x7c c:/users/josem/appdata/local/arduino15/packages/seeeduino/tools/arm-none-eabi-gcc/7-2017q4/bin/../lib/gcc/arm-none-eabi/7.2.1/../../../../arm-none-eabi/lib/thumb/v6-m\libc_nano.a(lib_a-mprec.o)
                0x0000a7d8                __s2b
 .text.__hi0bits
                0x0000a854       0x34 c:/users/josem/appdata/local/arduino15/packages/seeeduino/tools/arm-none-eabi-gcc/7-2017q4/bin/../lib/gcc/arm-none-eabi/7.2.1/../../../../arm-none-eabi/lib/thumb/v6-m\libc_nano.a(lib_a-mprec.o)
                0x0000a854                __hi0bits
 .text.__lo0bits
                0x0000a888       0x5e c:/users/josem/appdata/local/arduino15/packages/seeeduino/tools/arm-none-eabi-gcc/7-2017q4/bin/../lib/gcc/arm-none-eabi/7.2.1/../../../../arm-none-eabi/lib/thumb/v6-m\libc_nano.a(lib_a-mprec.o)
                0x0000a888                __lo0bits
 .text.__i2b    0x0000a8e6       0x12 c:/users/josem/appdata/local/arduino15/packages/seeeduino/tools/arm-none-eabi-gcc/7-2017q4/bin/../lib/gcc/arm-none-eabi/7.2.1/../../../../arm-none-eabi/lib/thumb/v6-m\libc_nano.a(lib_a-mprec.o)
                0x0000a8e6                __i2b
 .text.__multiply
                0x0000a8f8      0x11e c:/users/josem/appdata/local/arduino15/packages/seeeduino/tools/arm-none-eabi-gcc/7-2017q4/bin/../lib/gcc/arm-none-eabi/7.2.1/../../../../arm-none-eabi/lib/thumb/v6-m\libc_nano.a(lib_a-mprec.o)
                0x0000a8f8                __multiply
 *fill*         0x0000aa16        0x2 
 .text.__pow5mult
                0x0000aa18       0xa4 c:/users/josem/appdata/local/arduino15/packages/seeeduino/tools/arm-none-eabi-gcc/7-2017q4/bin/../lib/gcc/arm-none-eabi/7.2.1/../../../../arm-none-eabi/lib/thumb/v6-m\libc_nano.a(lib_a-mprec.o)
                0x0000aa18                __pow5mult
 .text.__lshift
                0x0000aabc       0xa4 c:/users/josem/appdata/local/arduino15/packages/seeeduino/tools/arm-none-eabi-gcc/7-2017q4/bin/../lib/gcc/arm-none-eabi/7.2.1/../../../../arm-none-eabi/lib/thumb/v6-m\libc_nano.a(lib_a-mprec.o)
                0x0000aabc                __lshift
 .text.__mcmp   0x0000ab60       0x34 c:/users/josem/appdata/local/arduino15/packages/seeeduino/tools/arm-none-eabi-gcc/7-2017q4/bin/../lib/gcc/arm-none-eabi/7.2.1/../../../../arm-none-eabi/lib/thumb/v6-m\libc_nano.a(lib_a-mprec.o)
                0x0000ab60                __mcmp
 .text.__mdiff  0x0000ab94       0xc8 c:/users/josem/appdata/local/arduino15/packages/seeeduino/tools/arm-none-eabi-gcc/7-2017q4/bin/../lib/gcc/arm-none-eabi/7.2.1/../../../../arm-none-eabi/lib/thumb/v6-m\libc_nano.a(lib_a-mprec.o)
                0x0000ab94                __mdiff
 .text.__ulp    0x0000ac5c       0x4c c:/users/josem/appdata/local/arduino15/packages/seeeduino/tools/arm-none-eabi-gcc/7-2017q4/bin/../lib/gcc/arm-none-eabi/7.2.1/../../../../arm-none-eabi/lib/thumb/v6-m\libc_nano.a(lib_a-mprec.o)
                0x0000ac5c                __ulp
 .text.__b2d    0x0000aca8       0x98 c:/users/josem/appdata/local/arduino15/packages/seeeduino/tools/arm-none-eabi-gcc/7-2017q4/bin/../lib/gcc/arm-none-eabi/7.2.1/../../../../arm-none-eabi/lib/thumb/v6-m\libc_nano.a(lib_a-mprec.o)
                0x0000aca8                __b2d
 .text.__d2b    0x0000ad40       0xa8 c:/users/josem/appdata/local/arduino15/packages/seeeduino/tools/arm-none-eabi-gcc/7-2017q4/bin/../lib/gcc/arm-none-eabi/7.2.1/../../../../arm-none-eabi/lib/thumb/v6-m\libc_nano.a(lib_a-mprec.o)
                0x0000ad40                __d2b
 .text.__ratio  0x0000ade8       0x4e c:/users/josem/appdata/local/arduino15/packages/seeeduino/tools/arm-none-eabi-gcc/7-2017q4/bin/../lib/gcc/arm-none-eabi/7.2.1/../../../../arm-none-eabi/lib/thumb/v6-m\libc_nano.a(lib_a-mprec.o)
                0x0000ade8                __ratio
 .text.__copybits
                0x0000ae36       0x2c c:/users/josem/appdata/local/arduino15/packages/seeeduino/tools/arm-none-eabi-gcc/7-2017q4/bin/../lib/gcc/arm-none-eabi/7.2.1/../../../../arm-none-eabi/lib/thumb/v6-m\libc_nano.a(lib_a-mprec.o)
                0x0000ae36                __copybits
 .text.__any_on
                0x0000ae62       0x44 c:/users/josem/appdata/local/arduino15/packages/seeeduino/tools/arm-none-eabi-gcc/7-2017q4/bin/../lib/gcc/arm-none-eabi/7.2.1/../../../../arm-none-eabi/lib/thumb/v6-m\libc_nano.a(lib_a-mprec.o)
                0x0000ae62                __any_on
 .text._calloc_r
                0x0000aea6       0x1c c:/users/josem/appdata/local/arduino15/packages/seeeduino/tools/arm-none-eabi-gcc/7-2017q4/bin/../lib/gcc/arm-none-eabi/7.2.1/../../../../arm-none-eabi/lib/thumb/v6-m\libc_nano.a(lib_a-nano-callocr.o)
                0x0000aea6                _calloc_r
 *fill*         0x0000aec2        0x2 
 .text.__ssputs_r
                0x0000aec4       0xc4 c:/users/josem/appdata/local/arduino15/packages/seeeduino/tools/arm-none-eabi-gcc/7-2017q4/bin/../lib/gcc/arm-none-eabi/7.2.1/../../../../arm-none-eabi/lib/thumb/v6-m\libc_nano.a(lib_a-nano-svfprintf.o)
                0x0000aec4                __ssputs_r
 .text._svfprintf_r
                0x0000af88      0x1fc c:/users/josem/appdata/local/arduino15/packages/seeeduino/tools/arm-none-eabi-gcc/7-2017q4/bin/../lib/gcc/arm-none-eabi/7.2.1/../../../../arm-none-eabi/lib/thumb/v6-m\libc_nano.a(lib_a-nano-svfprintf.o)
                0x0000af88                _svfiprintf_r
                0x0000af88                _svfprintf_r
 .text.strncmp  0x0000b184       0x22 c:/users/josem/appdata/local/arduino15/packages/seeeduino/tools/arm-none-eabi-gcc/7-2017q4/bin/../lib/gcc/arm-none-eabi/7.2.1/../../../../arm-none-eabi/lib/thumb/v6-m\libc_nano.a(lib_a-strncmp.o)
                0x0000b184                strncmp
 .text.__ascii_wctomb
                0x0000b1a6       0x18 c:/users/josem/appdata/local/arduino15/packages/seeeduino/tools/arm-none-eabi-gcc/7-2017q4/bin/../lib/gcc/arm-none-eabi/7.2.1/../../../../arm-none-eabi/lib/thumb/v6-m\libc_nano.a(lib_a-wctomb_r.o)
                0x0000b1a6                __ascii_wctomb
 .text.memmove  0x0000b1be       0x26 c:/users/josem/appdata/local/arduino15/packages/seeeduino/tools/arm-none-eabi-gcc/7-2017q4/bin/../lib/gcc/arm-none-eabi/7.2.1/../../../../arm-none-eabi/lib/thumb/v6-m\libc_nano.a(lib_a-memmove.o)
                0x0000b1be                memmove
 .text._realloc_r
                0x0000b1e4       0x4c c:/users/josem/appdata/local/arduino15/packages/seeeduino/tools/arm-none-eabi-gcc/7-2017q4/bin/../lib/gcc/arm-none-eabi/7.2.1/../../../../arm-none-eabi/lib/thumb/v6-m\libc_nano.a(lib_a-nano-reallocr.o)
                0x0000b1e4                _realloc_r
 .text._malloc_usable_size_r
                0x0000b230       0x10 c:/users/josem/appdata/local/arduino15/packages/seeeduino/tools/arm-none-eabi-gcc/7-2017q4/bin/../lib/gcc/arm-none-eabi/7.2.1/../../../../arm-none-eabi/lib/thumb/v6-m\libc_nano.a(lib_a-nano-msizer.o)
                0x0000b230                _malloc_usable_size_r
 .text          0x0000b240       0x74 c:/users/josem/appdata/local/arduino15/packages/seeeduino/tools/arm-none-eabi-gcc/7-2017q4/bin/../lib/gcc/arm-none-eabi/7.2.1/thumb/v6-m\libgcc.a(floatsidf.o)
                0x0000b240                __aeabi_i2d
 .text          0x0000b2b4      0x108 c:/users/josem/appdata/local/arduino15/packages/seeeduino/tools/arm-none-eabi-gcc/7-2017q4/bin/../lib/gcc/arm-none-eabi/7.2.1/thumb/v6-m\libgcc.a(truncdfsf2.o)
                0x0000b2b4                __aeabi_d2f
 *(.init)
 .init          0x0000b3bc        0x4 c:/users/josem/appdata/local/arduino15/packages/seeeduino/tools/arm-none-eabi-gcc/7-2017q4/bin/../lib/gcc/arm-none-eabi/7.2.1/thumb/v6-m/crti.o
                0x0000b3bc                _init
 .init          0x0000b3c0        0x8 c:/users/josem/appdata/local/arduino15/packages/seeeduino/tools/arm-none-eabi-gcc/7-2017q4/bin/../lib/gcc/arm-none-eabi/7.2.1/thumb/v6-m/crtn.o
 *(.fini)
 .fini          0x0000b3c8        0x4 c:/users/josem/appdata/local/arduino15/packages/seeeduino/tools/arm-none-eabi-gcc/7-2017q4/bin/../lib/gcc/arm-none-eabi/7.2.1/thumb/v6-m/crti.o
                0x0000b3c8                _fini
 .fini          0x0000b3cc        0x8 c:/users/josem/appdata/local/arduino15/packages/seeeduino/tools/arm-none-eabi-gcc/7-2017q4/bin/../lib/gcc/arm-none-eabi/7.2.1/thumb/v6-m/crtn.o
 *crtbegin.o(.ctors)
 *crtbegin?.o(.ctors)
 *(EXCLUDE_FILE(*crtend.o *crtend?.o) .ctors)
 *(SORT_BY_NAME(.ctors.*))
 *(.ctors)
 *crtbegin.o(.dtors)
 *crtbegin?.o(.dtors)
 *(EXCLUDE_FILE(*crtend.o *crtend?.o) .dtors)
 *(SORT_BY_NAME(.dtors.*))
 *(.dtors)
 *(.rodata*)
 .rodata._ZN7usbMidiL7cin2LenE
                0x0000b3d4       0x20 C:\Users\josem\AppData\Local\Temp\arduino-sketch-6DED6912A00D732A2B84CC76312842FC\sketch\JMY_USBMidi2Midi.ino.cpp.o
 .rodata._ZN7usbMidiL8type2cinE
                0x0000b3f4       0x10 C:\Users\josem\AppData\Local\Temp\arduino-sketch-6DED6912A00D732A2B84CC76312842FC\sketch\JMY_USBMidi2Midi.ino.cpp.o
 .rodata._ZN5MIDI_12getShortNameEPc.str1.1
                0x0000b404        0x5 C:\Users\josem\AppData\Local\Temp\arduino-sketch-6DED6912A00D732A2B84CC76312842FC\libraries\MIDIUSB\MIDIUSB.cpp.o
 *fill*         0x0000b409        0x3 
 .rodata._ZTV5MIDI_
                0x0000b40c       0x1c C:\Users\josem\AppData\Local\Temp\arduino-sketch-6DED6912A00D732A2B84CC76312842FC\libraries\MIDIUSB\MIDIUSB.cpp.o
                0x0000b40c                vtable for MIDI_
 .rodata.g_APinDescription
                0x0000b428      0x198 C:\Users\josem\AppData\Local\Temp\arduino-sketch-6DED6912A00D732A2B84CC76312842FC\core\variant.cpp.o
                0x0000b428                g_APinDescription
 .rodata._ZL10sercomData
                0x0000b5c0       0x30 C:\Users\josem\AppData\Local\Temp\arduino-sketch-6DED6912A00D732A2B84CC76312842FC/..\arduino-core-cache\core_Seeeduino_samd_seeed_XIAO_m0_usbstack_arduino,debug_off_d03f25558222cd15566e7caf71286385.a(SERCOM.cpp.o)
 .rodata._ZTV26DoubleBufferedEPOutHandler
                0x0000b5f0       0x28 C:\Users\josem\AppData\Local\Temp\arduino-sketch-6DED6912A00D732A2B84CC76312842FC/..\arduino-core-cache\core_Seeeduino_samd_seeed_XIAO_m0_usbstack_arduino,debug_off_d03f25558222cd15566e7caf71286385.a(USBCore.cpp.o)
                0x0000b5f0                vtable for DoubleBufferedEPOutHandler
 .rodata._ZL14STRING_PRODUCT
                0x0000b618       0x11 C:\Users\josem\AppData\Local\Temp\arduino-sketch-6DED6912A00D732A2B84CC76312842FC/..\arduino-core-cache\core_Seeeduino_samd_seeed_XIAO_m0_usbstack_arduino,debug_off_d03f25558222cd15566e7caf71286385.a(USBCore.cpp.o)